[2026-09-11T16:57:18.194+0000] {processor.py:161} INFO - Started process (PID=169) to work on /opt/airflow/dags/stock_pipeline_dag.py
[2026-09-11T16:57:18.200+0000] {processor.py:830} INFO - Processing file /opt/airflow/dags/stock_pipeline_dag.py for tasks to queue
[2026-09-11T16:57:18.205+0000] {logging_mixin.py:188} INFO - [2026-09-11T16:57:18.204+0000] {dagbag.py:545} INFO - Filling up the DagBag from /opt/airflow/dags/stock_pipeline_dag.py
[2026-09-11T16:57:18.287+0000] {processor.py:840} INFO - DAG(s) 'stock_market_pipeline' retrieved from /opt/airflow/dags/stock_pipeline_dag.py
[2026-09-11T16:57:18.478+0000] {logging_mixin.py:188} INFO - [2026-09-11T16:57:18.477+0000] {override.py:1858} INFO - Created Permission View: can delete on DAG:stock_market_pipeline
[2026-09-11T16:57:18.489+0000] {logging_mixin.py:188} INFO - [2026-09-11T16:57:18.488+0000] {override.py:1858} INFO - Created Permission View: can edit on DAG:stock_market_pipeline
[2026-09-11T16:57:18.498+0000] {logging_mixin.py:188} INFO - [2026-09-11T16:57:18.498+0000] {override.py:1858} INFO - Created Permission View: can read on DAG:stock_market_pipeline
[2026-09-11T16:57:18.500+0000] {logging_mixin.py:188} INFO - [2026-09-11T16:57:18.500+0000] {dag.py:3089} INFO - Sync 1 DAGs
[2026-09-11T16:57:18.661+0000] {logging_mixin.py:188} INFO - [2026-09-11T16:57:18.661+0000] {dag.py:3111} INFO - Creating ORM DAG for stock_market_pipeline
[2026-09-11T16:57:18.672+0000] {logging_mixin.py:188} INFO - [2026-09-11T16:57:18.672+0000] {dag.py:3947} INFO - Setting next_dagrun for stock_market_pipeline to 2026-09-11 15:00:00+00:00, run_after=2026-09-11 16:00:00+00:00
[2026-09-11T16:57:18.694+0000] {processor.py:183} INFO - Processing /opt/airflow/dags/stock_pipeline_dag.py took 0.510 seconds
[2026-09-11T16:57:48.975+0000] {processor.py:161} INFO - Started process (PID=174) to work on /opt/airflow/dags/stock_pipeline_dag.py
[2026-09-11T16:57:48.977+0000] {processor.py:830} INFO - Processing file /opt/airflow/dags/stock_pipeline_dag.py for tasks to queue
[2026-09-11T16:57:48.979+0000] {logging_mixin.py:188} INFO - [2026-09-11T16:57:48.979+0000] {dagbag.py:545} INFO - Filling up the DagBag from /opt/airflow/dags/stock_pipeline_dag.py
[2026-09-11T16:57:49.003+0000] {processor.py:840} INFO - DAG(s) 'stock_market_pipeline' retrieved from /opt/airflow/dags/stock_pipeline_dag.py
[2026-09-11T16:57:49.028+0000] {logging_mixin.py:188} INFO - [2026-09-11T16:57:49.028+0000] {dag.py:3089} INFO - Sync 1 DAGs
[2026-09-11T16:57:49.045+0000] {logging_mixin.py:188} INFO - [2026-09-11T16:57:49.045+0000] {dag.py:3947} INFO - Setting next_dagrun for stock_market_pipeline to 2026-09-11 15:00:00+00:00, run_after=2026-09-11 16:00:00+00:00
[2026-09-11T16:57:49.066+0000] {processor.py:183} INFO - Processing /opt/airflow/dags/stock_pipeline_dag.py took 0.095 seconds
[2026-09-11T16:58:19.265+0000] {processor.py:161} INFO - Started process (PID=179) to work on /opt/airflow/dags/stock_pipeline_dag.py
[2026-09-11T16:58:19.268+0000] {processor.py:830} INFO - Processing file /opt/airflow/dags/stock_pipeline_dag.py for tasks to queue
[2026-09-11T16:58:19.271+0000] {logging_mixin.py:188} INFO - [2026-09-11T16:58:19.271+0000] {dagbag.py:545} INFO - Filling up the DagBag from /opt/airflow/dags/stock_pipeline_dag.py
[2026-09-11T16:58:19.337+0000] {processor.py:840} INFO - DAG(s) 'stock_market_pipeline' retrieved from /opt/airflow/dags/stock_pipeline_dag.py
[2026-09-11T16:58:19.370+0000] {logging_mixin.py:188} INFO - [2026-09-11T16:58:19.370+0000] {dag.py:3089} INFO - Sync 1 DAGs
[2026-09-11T16:58:19.388+0000] {logging_mixin.py:188} INFO - [2026-09-11T16:58:19.388+0000] {dag.py:3947} INFO - Setting next_dagrun for stock_market_pipeline to 2026-09-11 15:00:00+00:00, run_after=2026-09-11 16:00:00+00:00
[2026-09-11T16:58:19.409+0000] {processor.py:183} INFO - Processing /opt/airflow/dags/stock_pipeline_dag.py took 0.148 seconds
[2026-09-11T16:58:49.628+0000] {processor.py:161} INFO - Started process (PID=184) to work on /opt/airflow/dags/stock_pipeline_dag.py
[2026-09-11T16:58:49.629+0000] {processor.py:830} INFO - Processing file /opt/airflow/dags/stock_pipeline_dag.py for tasks to queue
[2026-09-11T16:58:49.632+0000] {logging_mixin.py:188} INFO - [2026-09-11T16:58:49.631+0000] {dagbag.py:545} INFO - Filling up the DagBag from /opt/airflow/dags/stock_pipeline_dag.py
[2026-09-11T16:58:49.661+0000] {processor.py:840} INFO - DAG(s) 'stock_market_pipeline' retrieved from /opt/airflow/dags/stock_pipeline_dag.py
[2026-09-11T16:58:49.690+0000] {logging_mixin.py:188} INFO - [2026-09-11T16:58:49.689+0000] {dag.py:3089} INFO - Sync 1 DAGs
[2026-09-11T16:58:49.707+0000] {logging_mixin.py:188} INFO - [2026-09-11T16:58:49.707+0000] {dag.py:3947} INFO - Setting next_dagrun for stock_market_pipeline to 2026-09-11 15:00:00+00:00, run_after=2026-09-11 16:00:00+00:00
[2026-09-11T16:58:49.728+0000] {processor.py:183} INFO - Processing /opt/airflow/dags/stock_pipeline_dag.py took 0.104 seconds
[2026-09-11T16:59:20.047+0000] {processor.py:161} INFO - Started process (PID=189) to work on /opt/airflow/dags/stock_pipeline_dag.py
[2026-09-11T16:59:20.049+0000] {processor.py:830} INFO - Processing file /opt/airflow/dags/stock_pipeline_dag.py for tasks to queue
[2026-09-11T16:59:20.053+0000] {logging_mixin.py:188} INFO - [2026-09-11T16:59:20.052+0000] {dagbag.py:545} INFO - Filling up the DagBag from /opt/airflow/dags/stock_pipeline_dag.py
[2026-09-11T16:59:20.131+0000] {processor.py:840} INFO - DAG(s) 'stock_market_pipeline' retrieved from /opt/airflow/dags/stock_pipeline_dag.py
[2026-09-11T16:59:20.164+0000] {logging_mixin.py:188} INFO - [2026-09-11T16:59:20.164+0000] {dag.py:3089} INFO - Sync 1 DAGs
[2026-09-11T16:59:20.189+0000] {logging_mixin.py:188} INFO - [2026-09-11T16:59:20.189+0000] {dag.py:3947} INFO - Setting next_dagrun for stock_market_pipeline to 2026-09-11 15:00:00+00:00, run_after=2026-09-11 16:00:00+00:00
[2026-09-11T16:59:20.208+0000] {processor.py:183} INFO - Processing /opt/airflow/dags/stock_pipeline_dag.py took 0.168 seconds
[2026-09-11T16:59:50.313+0000] {processor.py:161} INFO - Started process (PID=194) to work on /opt/airflow/dags/stock_pipeline_dag.py
[2026-09-11T16:59:50.314+0000] {processor.py:830} INFO - Processing file /opt/airflow/dags/stock_pipeline_dag.py for tasks to queue
[2026-09-11T16:59:50.318+0000] {logging_mixin.py:188} INFO - [2026-09-11T16:59:50.317+0000] {dagbag.py:545} INFO - Filling up the DagBag from /opt/airflow/dags/stock_pipeline_dag.py
[2026-09-11T16:59:50.390+0000] {processor.py:840} INFO - DAG(s) 'stock_market_pipeline' retrieved from /opt/airflow/dags/stock_pipeline_dag.py
[2026-09-11T16:59:50.420+0000] {logging_mixin.py:188} INFO - [2026-09-11T16:59:50.420+0000] {dag.py:3089} INFO - Sync 1 DAGs
[2026-09-11T16:59:50.440+0000] {logging_mixin.py:188} INFO - [2026-09-11T16:59:50.439+0000] {dag.py:3947} INFO - Setting next_dagrun for stock_market_pipeline to 2026-09-11 15:00:00+00:00, run_after=2026-09-11 16:00:00+00:00
[2026-09-11T16:59:50.585+0000] {processor.py:183} INFO - Processing /opt/airflow/dags/stock_pipeline_dag.py took 0.281 seconds
[2026-09-11T17:00:20.797+0000] {processor.py:161} INFO - Started process (PID=199) to work on /opt/airflow/dags/stock_pipeline_dag.py
[2026-09-11T17:00:20.798+0000] {processor.py:830} INFO - Processing file /opt/airflow/dags/stock_pipeline_dag.py for tasks to queue
[2026-09-11T17:00:20.801+0000] {logging_mixin.py:188} INFO - [2026-09-11T17:00:20.801+0000] {dagbag.py:545} INFO - Filling up the DagBag from /opt/airflow/dags/stock_pipeline_dag.py
[2026-09-11T17:00:20.838+0000] {processor.py:840} INFO - DAG(s) 'stock_market_pipeline' retrieved from /opt/airflow/dags/stock_pipeline_dag.py
[2026-09-11T17:00:20.862+0000] {logging_mixin.py:188} INFO - [2026-09-11T17:00:20.861+0000] {dag.py:3089} INFO - Sync 1 DAGs
[2026-09-11T17:00:21.010+0000] {logging_mixin.py:188} INFO - [2026-09-11T17:00:21.010+0000] {dag.py:3947} INFO - Setting next_dagrun for stock_market_pipeline to 2026-09-11 16:00:00+00:00, run_after=2026-09-11 17:00:00+00:00
[2026-09-11T17:00:21.028+0000] {processor.py:183} INFO - Processing /opt/airflow/dags/stock_pipeline_dag.py took 0.236 seconds
[2026-09-11T17:00:51.144+0000] {processor.py:161} INFO - Started process (PID=204) to work on /opt/airflow/dags/stock_pipeline_dag.py
[2026-09-11T17:00:51.147+0000] {processor.py:830} INFO - Processing file /opt/airflow/dags/stock_pipeline_dag.py for tasks to queue
[2026-09-11T17:00:51.151+0000] {logging_mixin.py:188} INFO - [2026-09-11T17:00:51.151+0000] {dagbag.py:545} INFO - Filling up the DagBag from /opt/airflow/dags/stock_pipeline_dag.py
[2026-09-11T17:00:51.214+0000] {processor.py:840} INFO - DAG(s) 'stock_market_pipeline' retrieved from /opt/airflow/dags/stock_pipeline_dag.py
[2026-09-11T17:00:51.239+0000] {logging_mixin.py:188} INFO - [2026-09-11T17:00:51.239+0000] {dag.py:3089} INFO - Sync 1 DAGs
[2026-09-11T17:00:51.360+0000] {logging_mixin.py:188} INFO - [2026-09-11T17:00:51.360+0000] {dag.py:3947} INFO - Setting next_dagrun for stock_market_pipeline to 2026-09-11 16:00:00+00:00, run_after=2026-09-11 17:00:00+00:00
[2026-09-11T17:00:51.384+0000] {processor.py:183} INFO - Processing /opt/airflow/dags/stock_pipeline_dag.py took 0.247 seconds
[2026-09-11T17:01:21.605+0000] {processor.py:161} INFO - Started process (PID=209) to work on /opt/airflow/dags/stock_pipeline_dag.py
[2026-09-11T17:01:21.607+0000] {processor.py:830} INFO - Processing file /opt/airflow/dags/stock_pipeline_dag.py for tasks to queue
[2026-09-11T17:01:21.609+0000] {logging_mixin.py:188} INFO - [2026-09-11T17:01:21.609+0000] {dagbag.py:545} INFO - Filling up the DagBag from /opt/airflow/dags/stock_pipeline_dag.py
[2026-09-11T17:01:21.660+0000] {processor.py:840} INFO - DAG(s) 'stock_market_pipeline' retrieved from /opt/airflow/dags/stock_pipeline_dag.py
[2026-09-11T17:01:21.801+0000] {logging_mixin.py:188} INFO - [2026-09-11T17:01:21.801+0000] {dag.py:3089} INFO - Sync 1 DAGs
[2026-09-11T17:01:21.818+0000] {logging_mixin.py:188} INFO - [2026-09-11T17:01:21.818+0000] {dag.py:3947} INFO - Setting next_dagrun for stock_market_pipeline to 2026-09-11 16:00:00+00:00, run_after=2026-09-11 17:00:00+00:00
[2026-09-11T17:01:21.838+0000] {processor.py:183} INFO - Processing /opt/airflow/dags/stock_pipeline_dag.py took 0.238 seconds
[2026-09-11T17:01:51.918+0000] {processor.py:161} INFO - Started process (PID=214) to work on /opt/airflow/dags/stock_pipeline_dag.py
[2026-09-11T17:01:52.055+0000] {processor.py:830} INFO - Processing file /opt/airflow/dags/stock_pipeline_dag.py for tasks to queue
[2026-09-11T17:01:52.057+0000] {logging_mixin.py:188} INFO - [2026-09-11T17:01:52.057+0000] {dagbag.py:545} INFO - Filling up the DagBag from /opt/airflow/dags/stock_pipeline_dag.py
[2026-09-11T17:01:52.101+0000] {processor.py:840} INFO - DAG(s) 'stock_market_pipeline' retrieved from /opt/airflow/dags/stock_pipeline_dag.py
[2026-09-11T17:01:52.126+0000] {logging_mixin.py:188} INFO - [2026-09-11T17:01:52.126+0000] {dag.py:3089} INFO - Sync 1 DAGs
[2026-09-11T17:01:52.145+0000] {logging_mixin.py:188} INFO - [2026-09-11T17:01:52.144+0000] {dag.py:3947} INFO - Setting next_dagrun for stock_market_pipeline to 2026-09-11 16:00:00+00:00, run_after=2026-09-11 17:00:00+00:00
[2026-09-11T17:01:52.165+0000] {processor.py:183} INFO - Processing /opt/airflow/dags/stock_pipeline_dag.py took 0.253 seconds
[2026-09-11T17:02:22.603+0000] {processor.py:161} INFO - Started process (PID=219) to work on /opt/airflow/dags/stock_pipeline_dag.py
[2026-09-11T17:02:22.605+0000] {processor.py:830} INFO - Processing file /opt/airflow/dags/stock_pipeline_dag.py for tasks to queue
[2026-09-11T17:02:22.608+0000] {logging_mixin.py:188} INFO - [2026-09-11T17:02:22.608+0000] {dagbag.py:545} INFO - Filling up the DagBag from /opt/airflow/dags/stock_pipeline_dag.py
[2026-09-11T17:02:22.666+0000] {processor.py:840} INFO - DAG(s) 'stock_market_pipeline' retrieved from /opt/airflow/dags/stock_pipeline_dag.py
[2026-09-11T17:02:22.696+0000] {logging_mixin.py:188} INFO - [2026-09-11T17:02:22.696+0000] {dag.py:3089} INFO - Sync 1 DAGs
[2026-09-11T17:02:22.720+0000] {logging_mixin.py:188} INFO - [2026-09-11T17:02:22.720+0000] {dag.py:3947} INFO - Setting next_dagrun for stock_market_pipeline to 2026-09-11 16:00:00+00:00, run_after=2026-09-11 17:00:00+00:00
[2026-09-11T17:02:22.749+0000] {processor.py:183} INFO - Processing /opt/airflow/dags/stock_pipeline_dag.py took 0.152 seconds
[2026-09-11T17:02:52.887+0000] {processor.py:161} INFO - Started process (PID=224) to work on /opt/airflow/dags/stock_pipeline_dag.py
[2026-09-11T17:02:52.890+0000] {processor.py:830} INFO - Processing file /opt/airflow/dags/stock_pipeline_dag.py for tasks to queue
[2026-09-11T17:02:52.893+0000] {logging_mixin.py:188} INFO - [2026-09-11T17:02:52.893+0000] {dagbag.py:545} INFO - Filling up the DagBag from /opt/airflow/dags/stock_pipeline_dag.py
[2026-09-11T17:02:52.943+0000] {processor.py:840} INFO - DAG(s) 'stock_market_pipeline' retrieved from /opt/airflow/dags/stock_pipeline_dag.py
[2026-09-11T17:02:52.969+0000] {logging_mixin.py:188} INFO - [2026-09-11T17:02:52.969+0000] {dag.py:3089} INFO - Sync 1 DAGs
[2026-09-11T17:02:52.990+0000] {logging_mixin.py:188} INFO - [2026-09-11T17:02:52.989+0000] {dag.py:3947} INFO - Setting next_dagrun for stock_market_pipeline to 2026-09-11 16:00:00+00:00, run_after=2026-09-11 17:00:00+00:00
[2026-09-11T17:02:53.009+0000] {processor.py:183} INFO - Processing /opt/airflow/dags/stock_pipeline_dag.py took 0.128 seconds
[2026-09-11T17:03:23.279+0000] {processor.py:161} INFO - Started process (PID=229) to work on /opt/airflow/dags/stock_pipeline_dag.py
[2026-09-11T17:03:23.280+0000] {processor.py:830} INFO - Processing file /opt/airflow/dags/stock_pipeline_dag.py for tasks to queue
[2026-09-11T17:03:23.282+0000] {logging_mixin.py:188} INFO - [2026-09-11T17:03:23.282+0000] {dagbag.py:545} INFO - Filling up the DagBag from /opt/airflow/dags/stock_pipeline_dag.py
[2026-09-11T17:03:23.317+0000] {processor.py:840} INFO - DAG(s) 'stock_market_pipeline' retrieved from /opt/airflow/dags/stock_pipeline_dag.py
[2026-09-11T17:03:23.351+0000] {logging_mixin.py:188} INFO - [2026-09-11T17:03:23.351+0000] {dag.py:3089} INFO - Sync 1 DAGs
[2026-09-11T17:03:23.378+0000] {logging_mixin.py:188} INFO - [2026-09-11T17:03:23.378+0000] {dag.py:3947} INFO - Setting next_dagrun for stock_market_pipeline to 2026-09-11 16:00:00+00:00, run_after=2026-09-11 17:00:00+00:00
[2026-09-11T17:03:23.399+0000] {processor.py:183} INFO - Processing /opt/airflow/dags/stock_pipeline_dag.py took 0.125 seconds
[2026-09-11T17:03:53.674+0000] {processor.py:161} INFO - Started process (PID=234) to work on /opt/airflow/dags/stock_pipeline_dag.py
[2026-09-11T17:03:53.676+0000] {processor.py:830} INFO - Processing file /opt/airflow/dags/stock_pipeline_dag.py for tasks to queue
[2026-09-11T17:03:53.679+0000] {logging_mixin.py:188} INFO - [2026-09-11T17:03:53.679+0000] {dagbag.py:545} INFO - Filling up the DagBag from /opt/airflow/dags/stock_pipeline_dag.py
[2026-09-11T17:03:53.734+0000] {processor.py:840} INFO - DAG(s) 'stock_market_pipeline' retrieved from /opt/airflow/dags/stock_pipeline_dag.py
[2026-09-11T17:03:53.766+0000] {logging_mixin.py:188} INFO - [2026-09-11T17:03:53.766+0000] {dag.py:3089} INFO - Sync 1 DAGs
[2026-09-11T17:03:53.786+0000] {logging_mixin.py:188} INFO - [2026-09-11T17:03:53.786+0000] {dag.py:3947} INFO - Setting next_dagrun for stock_market_pipeline to 2026-09-11 16:00:00+00:00, run_after=2026-09-11 17:00:00+00:00
[2026-09-11T17:03:53.807+0000] {processor.py:183} INFO - Processing /opt/airflow/dags/stock_pipeline_dag.py took 0.143 seconds
[2026-09-11T17:04:23.994+0000] {processor.py:161} INFO - Started process (PID=239) to work on /opt/airflow/dags/stock_pipeline_dag.py
[2026-09-11T17:04:23.996+0000] {processor.py:830} INFO - Processing file /opt/airflow/dags/stock_pipeline_dag.py for tasks to queue
[2026-09-11T17:04:24.000+0000] {logging_mixin.py:188} INFO - [2026-09-11T17:04:23.999+0000] {dagbag.py:545} INFO - Filling up the DagBag from /opt/airflow/dags/stock_pipeline_dag.py
[2026-09-11T17:04:24.069+0000] {processor.py:840} INFO - DAG(s) 'stock_market_pipeline' retrieved from /opt/airflow/dags/stock_pipeline_dag.py
[2026-09-11T17:04:24.107+0000] {logging_mixin.py:188} INFO - [2026-09-11T17:04:24.107+0000] {dag.py:3089} INFO - Sync 1 DAGs
[2026-09-11T17:04:24.140+0000] {logging_mixin.py:188} INFO - [2026-09-11T17:04:24.140+0000] {dag.py:3947} INFO - Setting next_dagrun for stock_market_pipeline to 2026-09-11 16:00:00+00:00, run_after=2026-09-11 17:00:00+00:00
[2026-09-11T17:04:24.164+0000] {processor.py:183} INFO - Processing /opt/airflow/dags/stock_pipeline_dag.py took 0.178 seconds
[2026-09-11T17:04:54.371+0000] {processor.py:161} INFO - Started process (PID=246) to work on /opt/airflow/dags/stock_pipeline_dag.py
[2026-09-11T17:04:54.374+0000] {processor.py:830} INFO - Processing file /opt/airflow/dags/stock_pipeline_dag.py for tasks to queue
[2026-09-11T17:04:54.378+0000] {logging_mixin.py:188} INFO - [2026-09-11T17:04:54.378+0000] {dagbag.py:545} INFO - Filling up the DagBag from /opt/airflow/dags/stock_pipeline_dag.py
[2026-09-11T17:04:54.411+0000] {processor.py:840} INFO - DAG(s) 'stock_market_pipeline' retrieved from /opt/airflow/dags/stock_pipeline_dag.py
[2026-09-11T17:04:54.439+0000] {logging_mixin.py:188} INFO - [2026-09-11T17:04:54.439+0000] {dag.py:3089} INFO - Sync 1 DAGs
[2026-09-11T17:04:54.479+0000] {processor.py:183} INFO - Processing /opt/airflow/dags/stock_pipeline_dag.py took 0.116 seconds
[2026-09-11T17:05:24.665+0000] {processor.py:161} INFO - Started process (PID=251) to work on /opt/airflow/dags/stock_pipeline_dag.py
[2026-09-11T17:05:24.666+0000] {processor.py:830} INFO - Processing file /opt/airflow/dags/stock_pipeline_dag.py for tasks to queue
[2026-09-11T17:05:24.678+0000] {logging_mixin.py:188} INFO - [2026-09-11T17:05:24.678+0000] {dagbag.py:545} INFO - Filling up the DagBag from /opt/airflow/dags/stock_pipeline_dag.py
[2026-09-11T17:05:24.702+0000] {processor.py:840} INFO - DAG(s) 'stock_market_pipeline' retrieved from /opt/airflow/dags/stock_pipeline_dag.py
[2026-09-11T17:05:24.730+0000] {logging_mixin.py:188} INFO - [2026-09-11T17:05:24.730+0000] {dag.py:3089} INFO - Sync 1 DAGs
[2026-09-11T17:05:24.772+0000] {processor.py:183} INFO - Processing /opt/airflow/dags/stock_pipeline_dag.py took 0.111 seconds
[2026-09-11T17:05:55.053+0000] {processor.py:161} INFO - Started process (PID=256) to work on /opt/airflow/dags/stock_pipeline_dag.py
[2026-09-11T17:05:55.055+0000] {processor.py:830} INFO - Processing file /opt/airflow/dags/stock_pipeline_dag.py for tasks to queue
[2026-09-11T17:05:55.057+0000] {logging_mixin.py:188} INFO - [2026-09-11T17:05:55.057+0000] {dagbag.py:545} INFO - Filling up the DagBag from /opt/airflow/dags/stock_pipeline_dag.py
[2026-09-11T17:05:55.106+0000] {processor.py:840} INFO - DAG(s) 'stock_market_pipeline' retrieved from /opt/airflow/dags/stock_pipeline_dag.py
[2026-09-11T17:05:55.132+0000] {logging_mixin.py:188} INFO - [2026-09-11T17:05:55.132+0000] {dag.py:3089} INFO - Sync 1 DAGs
[2026-09-11T17:05:55.169+0000] {processor.py:183} INFO - Processing /opt/airflow/dags/stock_pipeline_dag.py took 0.122 seconds
[2026-09-11T17:06:25.326+0000] {processor.py:161} INFO - Started process (PID=261) to work on /opt/airflow/dags/stock_pipeline_dag.py
[2026-09-11T17:06:25.328+0000] {processor.py:830} INFO - Processing file /opt/airflow/dags/stock_pipeline_dag.py for tasks to queue
[2026-09-11T17:06:25.332+0000] {logging_mixin.py:188} INFO - [2026-09-11T17:06:25.331+0000] {dagbag.py:545} INFO - Filling up the DagBag from /opt/airflow/dags/stock_pipeline_dag.py
[2026-09-11T17:06:25.399+0000] {processor.py:840} INFO - DAG(s) 'stock_market_pipeline' retrieved from /opt/airflow/dags/stock_pipeline_dag.py
[2026-09-11T17:06:25.428+0000] {logging_mixin.py:188} INFO - [2026-09-11T17:06:25.427+0000] {dag.py:3089} INFO - Sync 1 DAGs
[2026-09-11T17:06:25.467+0000] {processor.py:183} INFO - Processing /opt/airflow/dags/stock_pipeline_dag.py took 0.146 seconds
[2026-09-11T17:06:55.706+0000] {processor.py:161} INFO - Started process (PID=266) to work on /opt/airflow/dags/stock_pipeline_dag.py
[2026-09-11T17:06:55.708+0000] {processor.py:830} INFO - Processing file /opt/airflow/dags/stock_pipeline_dag.py for tasks to queue
[2026-09-11T17:06:55.712+0000] {logging_mixin.py:188} INFO - [2026-09-11T17:06:55.711+0000] {dagbag.py:545} INFO - Filling up the DagBag from /opt/airflow/dags/stock_pipeline_dag.py
[2026-09-11T17:06:55.771+0000] {processor.py:840} INFO - DAG(s) 'stock_market_pipeline' retrieved from /opt/airflow/dags/stock_pipeline_dag.py
[2026-09-11T17:06:55.810+0000] {logging_mixin.py:188} INFO - [2026-09-11T17:06:55.809+0000] {dag.py:3089} INFO - Sync 1 DAGs
[2026-09-11T17:06:55.857+0000] {processor.py:183} INFO - Processing /opt/airflow/dags/stock_pipeline_dag.py took 0.157 seconds
[2026-09-11T17:07:26.084+0000] {processor.py:161} INFO - Started process (PID=271) to work on /opt/airflow/dags/stock_pipeline_dag.py
[2026-09-11T17:07:26.087+0000] {processor.py:830} INFO - Processing file /opt/airflow/dags/stock_pipeline_dag.py for tasks to queue
[2026-09-11T17:07:26.093+0000] {logging_mixin.py:188} INFO - [2026-09-11T17:07:26.093+0000] {dagbag.py:545} INFO - Filling up the DagBag from /opt/airflow/dags/stock_pipeline_dag.py
[2026-09-11T17:07:26.155+0000] {processor.py:840} INFO - DAG(s) 'stock_market_pipeline' retrieved from /opt/airflow/dags/stock_pipeline_dag.py
[2026-09-11T17:07:26.181+0000] {logging_mixin.py:188} INFO - [2026-09-11T17:07:26.181+0000] {dag.py:3089} INFO - Sync 1 DAGs
[2026-09-11T17:07:26.214+0000] {processor.py:183} INFO - Processing /opt/airflow/dags/stock_pipeline_dag.py took 0.138 seconds
[2026-09-11T17:07:56.453+0000] {processor.py:161} INFO - Started process (PID=276) to work on /opt/airflow/dags/stock_pipeline_dag.py
[2026-09-11T17:07:56.455+0000] {processor.py:830} INFO - Processing file /opt/airflow/dags/stock_pipeline_dag.py for tasks to queue
[2026-09-11T17:07:56.457+0000] {logging_mixin.py:188} INFO - [2026-09-11T17:07:56.457+0000] {dagbag.py:545} INFO - Filling up the DagBag from /opt/airflow/dags/stock_pipeline_dag.py
[2026-09-11T17:07:56.511+0000] {processor.py:840} INFO - DAG(s) 'stock_market_pipeline' retrieved from /opt/airflow/dags/stock_pipeline_dag.py
[2026-09-11T17:07:56.539+0000] {logging_mixin.py:188} INFO - [2026-09-11T17:07:56.539+0000] {dag.py:3089} INFO - Sync 1 DAGs
[2026-09-11T17:07:56.586+0000] {processor.py:183} INFO - Processing /opt/airflow/dags/stock_pipeline_dag.py took 0.139 seconds
[2026-09-11T17:08:26.818+0000] {processor.py:161} INFO - Started process (PID=281) to work on /opt/airflow/dags/stock_pipeline_dag.py
[2026-09-11T17:08:26.834+0000] {processor.py:830} INFO - Processing file /opt/airflow/dags/stock_pipeline_dag.py for tasks to queue
[2026-09-11T17:08:26.844+0000] {logging_mixin.py:188} INFO - [2026-09-11T17:08:26.844+0000] {dagbag.py:545} INFO - Filling up the DagBag from /opt/airflow/dags/stock_pipeline_dag.py
[2026-09-11T17:08:26.994+0000] {processor.py:840} INFO - DAG(s) 'stock_market_pipeline' retrieved from /opt/airflow/dags/stock_pipeline_dag.py
[2026-09-11T17:08:27.021+0000] {logging_mixin.py:188} INFO - [2026-09-11T17:08:27.020+0000] {dag.py:3089} INFO - Sync 1 DAGs
[2026-09-11T17:08:27.065+0000] {processor.py:183} INFO - Processing /opt/airflow/dags/stock_pipeline_dag.py took 0.255 seconds
[2026-09-11T17:08:57.125+0000] {processor.py:161} INFO - Started process (PID=286) to work on /opt/airflow/dags/stock_pipeline_dag.py
[2026-09-11T17:08:57.126+0000] {processor.py:830} INFO - Processing file /opt/airflow/dags/stock_pipeline_dag.py for tasks to queue
[2026-09-11T17:08:57.129+0000] {logging_mixin.py:188} INFO - [2026-09-11T17:08:57.128+0000] {dagbag.py:545} INFO - Filling up the DagBag from /opt/airflow/dags/stock_pipeline_dag.py
[2026-09-11T17:08:57.151+0000] {processor.py:840} INFO - DAG(s) 'stock_market_pipeline' retrieved from /opt/airflow/dags/stock_pipeline_dag.py
[2026-09-11T17:08:57.178+0000] {logging_mixin.py:188} INFO - [2026-09-11T17:08:57.178+0000] {dag.py:3089} INFO - Sync 1 DAGs
[2026-09-11T17:08:57.221+0000] {processor.py:183} INFO - Processing /opt/airflow/dags/stock_pipeline_dag.py took 0.101 seconds
[2026-09-11T17:09:27.398+0000] {processor.py:161} INFO - Started process (PID=291) to work on /opt/airflow/dags/stock_pipeline_dag.py
[2026-09-11T17:09:27.399+0000] {processor.py:830} INFO - Processing file /opt/airflow/dags/stock_pipeline_dag.py for tasks to queue
[2026-09-11T17:09:27.401+0000] {logging_mixin.py:188} INFO - [2026-09-11T17:09:27.401+0000] {dagbag.py:545} INFO - Filling up the DagBag from /opt/airflow/dags/stock_pipeline_dag.py
[2026-09-11T17:09:27.423+0000] {processor.py:840} INFO - DAG(s) 'stock_market_pipeline' retrieved from /opt/airflow/dags/stock_pipeline_dag.py
[2026-09-11T17:09:27.448+0000] {logging_mixin.py:188} INFO - [2026-09-11T17:09:27.448+0000] {dag.py:3089} INFO - Sync 1 DAGs
[2026-09-11T17:09:27.490+0000] {processor.py:183} INFO - Processing /opt/airflow/dags/stock_pipeline_dag.py took 0.096 seconds
[2026-09-11T17:09:57.732+0000] {processor.py:161} INFO - Started process (PID=296) to work on /opt/airflow/dags/stock_pipeline_dag.py
[2026-09-11T17:09:57.733+0000] {processor.py:830} INFO - Processing file /opt/airflow/dags/stock_pipeline_dag.py for tasks to queue
[2026-09-11T17:09:57.736+0000] {logging_mixin.py:188} INFO - [2026-09-11T17:09:57.735+0000] {dagbag.py:545} INFO - Filling up the DagBag from /opt/airflow/dags/stock_pipeline_dag.py
[2026-09-11T17:09:57.758+0000] {processor.py:840} INFO - DAG(s) 'stock_market_pipeline' retrieved from /opt/airflow/dags/stock_pipeline_dag.py
[2026-09-11T17:09:57.782+0000] {logging_mixin.py:188} INFO - [2026-09-11T17:09:57.782+0000] {dag.py:3089} INFO - Sync 1 DAGs
[2026-09-11T17:09:57.817+0000] {processor.py:183} INFO - Processing /opt/airflow/dags/stock_pipeline_dag.py took 0.089 seconds
[2026-09-11T17:10:28.061+0000] {processor.py:161} INFO - Started process (PID=301) to work on /opt/airflow/dags/stock_pipeline_dag.py
[2026-09-11T17:10:28.062+0000] {processor.py:830} INFO - Processing file /opt/airflow/dags/stock_pipeline_dag.py for tasks to queue
[2026-09-11T17:10:28.066+0000] {logging_mixin.py:188} INFO - [2026-09-11T17:10:28.065+0000] {dagbag.py:545} INFO - Filling up the DagBag from /opt/airflow/dags/stock_pipeline_dag.py
[2026-09-11T17:10:28.091+0000] {processor.py:840} INFO - DAG(s) 'stock_market_pipeline' retrieved from /opt/airflow/dags/stock_pipeline_dag.py
[2026-09-11T17:10:28.119+0000] {logging_mixin.py:188} INFO - [2026-09-11T17:10:28.119+0000] {dag.py:3089} INFO - Sync 1 DAGs
[2026-09-11T17:10:28.168+0000] {processor.py:183} INFO - Processing /opt/airflow/dags/stock_pipeline_dag.py took 0.113 seconds
[2026-09-11T17:10:58.362+0000] {processor.py:161} INFO - Started process (PID=306) to work on /opt/airflow/dags/stock_pipeline_dag.py
[2026-09-11T17:10:58.363+0000] {processor.py:830} INFO - Processing file /opt/airflow/dags/stock_pipeline_dag.py for tasks to queue
[2026-09-11T17:10:58.365+0000] {logging_mixin.py:188} INFO - [2026-09-11T17:10:58.365+0000] {dagbag.py:545} INFO - Filling up the DagBag from /opt/airflow/dags/stock_pipeline_dag.py
[2026-09-11T17:10:58.388+0000] {processor.py:840} INFO - DAG(s) 'stock_market_pipeline' retrieved from /opt/airflow/dags/stock_pipeline_dag.py
[2026-09-11T17:10:58.414+0000] {logging_mixin.py:188} INFO - [2026-09-11T17:10:58.414+0000] {dag.py:3089} INFO - Sync 1 DAGs
[2026-09-11T17:10:58.451+0000] {processor.py:183} INFO - Processing /opt/airflow/dags/stock_pipeline_dag.py took 0.094 seconds
[2026-09-11T17:11:28.674+0000] {processor.py:161} INFO - Started process (PID=311) to work on /opt/airflow/dags/stock_pipeline_dag.py
[2026-09-11T17:11:28.676+0000] {processor.py:830} INFO - Processing file /opt/airflow/dags/stock_pipeline_dag.py for tasks to queue
[2026-09-11T17:11:28.679+0000] {logging_mixin.py:188} INFO - [2026-09-11T17:11:28.679+0000] {dagbag.py:545} INFO - Filling up the DagBag from /opt/airflow/dags/stock_pipeline_dag.py
[2026-09-11T17:11:28.734+0000] {processor.py:840} INFO - DAG(s) 'stock_market_pipeline' retrieved from /opt/airflow/dags/stock_pipeline_dag.py
[2026-09-11T17:11:28.764+0000] {logging_mixin.py:188} INFO - [2026-09-11T17:11:28.764+0000] {dag.py:3089} INFO - Sync 1 DAGs
[2026-09-11T17:11:28.804+0000] {processor.py:183} INFO - Processing /opt/airflow/dags/stock_pipeline_dag.py took 0.135 seconds
[2026-09-11T17:11:58.936+0000] {processor.py:161} INFO - Started process (PID=316) to work on /opt/airflow/dags/stock_pipeline_dag.py
[2026-09-11T17:11:58.938+0000] {processor.py:830} INFO - Processing file /opt/airflow/dags/stock_pipeline_dag.py for tasks to queue
[2026-09-11T17:11:58.945+0000] {logging_mixin.py:188} INFO - [2026-09-11T17:11:58.944+0000] {dagbag.py:545} INFO - Filling up the DagBag from /opt/airflow/dags/stock_pipeline_dag.py
[2026-09-11T17:11:58.997+0000] {processor.py:840} INFO - DAG(s) 'stock_market_pipeline' retrieved from /opt/airflow/dags/stock_pipeline_dag.py
[2026-09-11T17:11:59.036+0000] {logging_mixin.py:188} INFO - [2026-09-11T17:11:59.036+0000] {dag.py:3089} INFO - Sync 1 DAGs
[2026-09-11T17:11:59.085+0000] {processor.py:183} INFO - Processing /opt/airflow/dags/stock_pipeline_dag.py took 0.164 seconds
[2026-09-11T17:12:29.338+0000] {processor.py:161} INFO - Started process (PID=321) to work on /opt/airflow/dags/stock_pipeline_dag.py
[2026-09-11T17:12:29.340+0000] {processor.py:830} INFO - Processing file /opt/airflow/dags/stock_pipeline_dag.py for tasks to queue
[2026-09-11T17:12:29.342+0000] {logging_mixin.py:188} INFO - [2026-09-11T17:12:29.342+0000] {dagbag.py:545} INFO - Filling up the DagBag from /opt/airflow/dags/stock_pipeline_dag.py
[2026-09-11T17:12:29.378+0000] {processor.py:840} INFO - DAG(s) 'stock_market_pipeline' retrieved from /opt/airflow/dags/stock_pipeline_dag.py
[2026-09-11T17:12:29.402+0000] {logging_mixin.py:188} INFO - [2026-09-11T17:12:29.402+0000] {dag.py:3089} INFO - Sync 1 DAGs
[2026-09-11T17:12:29.451+0000] {processor.py:183} INFO - Processing /opt/airflow/dags/stock_pipeline_dag.py took 0.118 seconds
[2026-09-11T17:12:59.556+0000] {processor.py:161} INFO - Started process (PID=326) to work on /opt/airflow/dags/stock_pipeline_dag.py
[2026-09-11T17:12:59.559+0000] {processor.py:830} INFO - Processing file /opt/airflow/dags/stock_pipeline_dag.py for tasks to queue
[2026-09-11T17:12:59.564+0000] {logging_mixin.py:188} INFO - [2026-09-11T17:12:59.563+0000] {dagbag.py:545} INFO - Filling up the DagBag from /opt/airflow/dags/stock_pipeline_dag.py
[2026-09-11T17:12:59.615+0000] {processor.py:840} INFO - DAG(s) 'stock_market_pipeline' retrieved from /opt/airflow/dags/stock_pipeline_dag.py
[2026-09-11T17:12:59.643+0000] {logging_mixin.py:188} INFO - [2026-09-11T17:12:59.643+0000] {dag.py:3089} INFO - Sync 1 DAGs
[2026-09-11T17:12:59.680+0000] {processor.py:183} INFO - Processing /opt/airflow/dags/stock_pipeline_dag.py took 0.129 seconds
[2026-09-11T17:13:29.868+0000] {processor.py:161} INFO - Started process (PID=331) to work on /opt/airflow/dags/stock_pipeline_dag.py
[2026-09-11T17:13:29.870+0000] {processor.py:830} INFO - Processing file /opt/airflow/dags/stock_pipeline_dag.py for tasks to queue
[2026-09-11T17:13:29.874+0000] {logging_mixin.py:188} INFO - [2026-09-11T17:13:29.874+0000] {dagbag.py:545} INFO - Filling up the DagBag from /opt/airflow/dags/stock_pipeline_dag.py
[2026-09-11T17:13:29.936+0000] {processor.py:840} INFO - DAG(s) 'stock_market_pipeline' retrieved from /opt/airflow/dags/stock_pipeline_dag.py
[2026-09-11T17:13:29.972+0000] {logging_mixin.py:188} INFO - [2026-09-11T17:13:29.972+0000] {dag.py:3089} INFO - Sync 1 DAGs
[2026-09-11T17:13:30.018+0000] {processor.py:183} INFO - Processing /opt/airflow/dags/stock_pipeline_dag.py took 0.158 seconds
[2026-09-11T17:14:00.120+0000] {processor.py:161} INFO - Started process (PID=336) to work on /opt/airflow/dags/stock_pipeline_dag.py
[2026-09-11T17:14:00.122+0000] {processor.py:830} INFO - Processing file /opt/airflow/dags/stock_pipeline_dag.py for tasks to queue
[2026-09-11T17:14:00.125+0000] {logging_mixin.py:188} INFO - [2026-09-11T17:14:00.125+0000] {dagbag.py:545} INFO - Filling up the DagBag from /opt/airflow/dags/stock_pipeline_dag.py
[2026-09-11T17:14:00.184+0000] {processor.py:840} INFO - DAG(s) 'stock_market_pipeline' retrieved from /opt/airflow/dags/stock_pipeline_dag.py
[2026-09-11T17:14:00.214+0000] {logging_mixin.py:188} INFO - [2026-09-11T17:14:00.214+0000] {dag.py:3089} INFO - Sync 1 DAGs
[2026-09-11T17:14:00.257+0000] {processor.py:183} INFO - Processing /opt/airflow/dags/stock_pipeline_dag.py took 0.144 seconds
[2026-09-11T17:14:30.528+0000] {processor.py:161} INFO - Started process (PID=341) to work on /opt/airflow/dags/stock_pipeline_dag.py
[2026-09-11T17:14:30.530+0000] {processor.py:830} INFO - Processing file /opt/airflow/dags/stock_pipeline_dag.py for tasks to queue
[2026-09-11T17:14:30.533+0000] {logging_mixin.py:188} INFO - [2026-09-11T17:14:30.533+0000] {dagbag.py:545} INFO - Filling up the DagBag from /opt/airflow/dags/stock_pipeline_dag.py
[2026-09-11T17:14:30.577+0000] {processor.py:840} INFO - DAG(s) 'stock_market_pipeline' retrieved from /opt/airflow/dags/stock_pipeline_dag.py
[2026-09-11T17:14:30.614+0000] {logging_mixin.py:188} INFO - [2026-09-11T17:14:30.614+0000] {dag.py:3089} INFO - Sync 1 DAGs
[2026-09-11T17:14:30.686+0000] {processor.py:183} INFO - Processing /opt/airflow/dags/stock_pipeline_dag.py took 0.170 seconds
[2026-09-11T17:15:00.818+0000] {processor.py:161} INFO - Started process (PID=346) to work on /opt/airflow/dags/stock_pipeline_dag.py
[2026-09-11T17:15:00.821+0000] {processor.py:830} INFO - Processing file /opt/airflow/dags/stock_pipeline_dag.py for tasks to queue
[2026-09-11T17:15:00.826+0000] {logging_mixin.py:188} INFO - [2026-09-11T17:15:00.825+0000] {dagbag.py:545} INFO - Filling up the DagBag from /opt/airflow/dags/stock_pipeline_dag.py
[2026-09-11T17:15:00.906+0000] {processor.py:840} INFO - DAG(s) 'stock_market_pipeline' retrieved from /opt/airflow/dags/stock_pipeline_dag.py
[2026-09-11T17:15:00.945+0000] {logging_mixin.py:188} INFO - [2026-09-11T17:15:00.945+0000] {dag.py:3089} INFO - Sync 1 DAGs
[2026-09-11T17:15:00.979+0000] {processor.py:183} INFO - Processing /opt/airflow/dags/stock_pipeline_dag.py took 0.172 seconds
[2026-09-11T17:15:31.226+0000] {processor.py:161} INFO - Started process (PID=351) to work on /opt/airflow/dags/stock_pipeline_dag.py
[2026-09-11T17:15:31.228+0000] {processor.py:830} INFO - Processing file /opt/airflow/dags/stock_pipeline_dag.py for tasks to queue
[2026-09-11T17:15:31.232+0000] {logging_mixin.py:188} INFO - [2026-09-11T17:15:31.231+0000] {dagbag.py:545} INFO - Filling up the DagBag from /opt/airflow/dags/stock_pipeline_dag.py
[2026-09-11T17:15:31.263+0000] {processor.py:840} INFO - DAG(s) 'stock_market_pipeline' retrieved from /opt/airflow/dags/stock_pipeline_dag.py
[2026-09-11T17:15:31.288+0000] {logging_mixin.py:188} INFO - [2026-09-11T17:15:31.288+0000] {dag.py:3089} INFO - Sync 1 DAGs
[2026-09-11T17:15:31.337+0000] {processor.py:183} INFO - Processing /opt/airflow/dags/stock_pipeline_dag.py took 0.117 seconds
[2026-09-11T17:16:01.558+0000] {processor.py:161} INFO - Started process (PID=356) to work on /opt/airflow/dags/stock_pipeline_dag.py
[2026-09-11T17:16:01.559+0000] {processor.py:830} INFO - Processing file /opt/airflow/dags/stock_pipeline_dag.py for tasks to queue
[2026-09-11T17:16:01.562+0000] {logging_mixin.py:188} INFO - [2026-09-11T17:16:01.561+0000] {dagbag.py:545} INFO - Filling up the DagBag from /opt/airflow/dags/stock_pipeline_dag.py
[2026-09-11T17:16:01.608+0000] {processor.py:840} INFO - DAG(s) 'stock_market_pipeline' retrieved from /opt/airflow/dags/stock_pipeline_dag.py
[2026-09-11T17:16:01.643+0000] {logging_mixin.py:188} INFO - [2026-09-11T17:16:01.643+0000] {dag.py:3089} INFO - Sync 1 DAGs
[2026-09-11T17:16:01.681+0000] {processor.py:183} INFO - Processing /opt/airflow/dags/stock_pipeline_dag.py took 0.130 seconds
[2026-09-11T17:16:31.907+0000] {processor.py:161} INFO - Started process (PID=361) to work on /opt/airflow/dags/stock_pipeline_dag.py
[2026-09-11T17:16:31.908+0000] {processor.py:830} INFO - Processing file /opt/airflow/dags/stock_pipeline_dag.py for tasks to queue
[2026-09-11T17:16:31.910+0000] {logging_mixin.py:188} INFO - [2026-09-11T17:16:31.910+0000] {dagbag.py:545} INFO - Filling up the DagBag from /opt/airflow/dags/stock_pipeline_dag.py
[2026-09-11T17:16:31.938+0000] {processor.py:840} INFO - DAG(s) 'stock_market_pipeline' retrieved from /opt/airflow/dags/stock_pipeline_dag.py
[2026-09-11T17:16:31.964+0000] {logging_mixin.py:188} INFO - [2026-09-11T17:16:31.963+0000] {dag.py:3089} INFO - Sync 1 DAGs
[2026-09-11T17:16:32.009+0000] {processor.py:183} INFO - Processing /opt/airflow/dags/stock_pipeline_dag.py took 0.107 seconds
[2026-09-11T17:17:02.251+0000] {processor.py:161} INFO - Started process (PID=366) to work on /opt/airflow/dags/stock_pipeline_dag.py
[2026-09-11T17:17:02.253+0000] {processor.py:830} INFO - Processing file /opt/airflow/dags/stock_pipeline_dag.py for tasks to queue
[2026-09-11T17:17:02.255+0000] {logging_mixin.py:188} INFO - [2026-09-11T17:17:02.255+0000] {dagbag.py:545} INFO - Filling up the DagBag from /opt/airflow/dags/stock_pipeline_dag.py
[2026-09-11T17:17:02.303+0000] {processor.py:840} INFO - DAG(s) 'stock_market_pipeline' retrieved from /opt/airflow/dags/stock_pipeline_dag.py
[2026-09-11T17:17:02.337+0000] {logging_mixin.py:188} INFO - [2026-09-11T17:17:02.337+0000] {dag.py:3089} INFO - Sync 1 DAGs
[2026-09-11T17:17:02.370+0000] {processor.py:183} INFO - Processing /opt/airflow/dags/stock_pipeline_dag.py took 0.129 seconds
[2026-09-11T17:17:32.632+0000] {processor.py:161} INFO - Started process (PID=371) to work on /opt/airflow/dags/stock_pipeline_dag.py
[2026-09-11T17:17:32.633+0000] {processor.py:830} INFO - Processing file /opt/airflow/dags/stock_pipeline_dag.py for tasks to queue
[2026-09-11T17:17:32.635+0000] {logging_mixin.py:188} INFO - [2026-09-11T17:17:32.635+0000] {dagbag.py:545} INFO - Filling up the DagBag from /opt/airflow/dags/stock_pipeline_dag.py
[2026-09-11T17:17:32.694+0000] {processor.py:840} INFO - DAG(s) 'stock_market_pipeline' retrieved from /opt/airflow/dags/stock_pipeline_dag.py
[2026-09-11T17:17:32.725+0000] {logging_mixin.py:188} INFO - [2026-09-11T17:17:32.724+0000] {dag.py:3089} INFO - Sync 1 DAGs
[2026-09-11T17:17:32.770+0000] {processor.py:183} INFO - Processing /opt/airflow/dags/stock_pipeline_dag.py took 0.142 seconds
[2026-09-11T17:18:02.968+0000] {processor.py:161} INFO - Started process (PID=376) to work on /opt/airflow/dags/stock_pipeline_dag.py
[2026-09-11T17:18:02.972+0000] {processor.py:830} INFO - Processing file /opt/airflow/dags/stock_pipeline_dag.py for tasks to queue
[2026-09-11T17:18:02.985+0000] {logging_mixin.py:188} INFO - [2026-09-11T17:18:02.985+0000] {dagbag.py:545} INFO - Filling up the DagBag from /opt/airflow/dags/stock_pipeline_dag.py
[2026-09-11T17:18:03.072+0000] {processor.py:840} INFO - DAG(s) 'stock_market_pipeline' retrieved from /opt/airflow/dags/stock_pipeline_dag.py
[2026-09-11T17:18:03.108+0000] {logging_mixin.py:188} INFO - [2026-09-11T17:18:03.108+0000] {dag.py:3089} INFO - Sync 1 DAGs
[2026-09-11T17:18:03.144+0000] {processor.py:183} INFO - Processing /opt/airflow/dags/stock_pipeline_dag.py took 0.196 seconds
[2026-09-11T17:18:33.395+0000] {processor.py:161} INFO - Started process (PID=381) to work on /opt/airflow/dags/stock_pipeline_dag.py
[2026-09-11T17:18:33.397+0000] {processor.py:830} INFO - Processing file /opt/airflow/dags/stock_pipeline_dag.py for tasks to queue
[2026-09-11T17:18:33.400+0000] {logging_mixin.py:188} INFO - [2026-09-11T17:18:33.399+0000] {dagbag.py:545} INFO - Filling up the DagBag from /opt/airflow/dags/stock_pipeline_dag.py
[2026-09-11T17:18:33.458+0000] {processor.py:840} INFO - DAG(s) 'stock_market_pipeline' retrieved from /opt/airflow/dags/stock_pipeline_dag.py
[2026-09-11T17:18:33.487+0000] {logging_mixin.py:188} INFO - [2026-09-11T17:18:33.487+0000] {dag.py:3089} INFO - Sync 1 DAGs
[2026-09-11T17:18:33.521+0000] {processor.py:183} INFO - Processing /opt/airflow/dags/stock_pipeline_dag.py took 0.130 seconds
[2026-09-11T17:19:03.692+0000] {processor.py:161} INFO - Started process (PID=386) to work on /opt/airflow/dags/stock_pipeline_dag.py
[2026-09-11T17:19:03.693+0000] {processor.py:830} INFO - Processing file /opt/airflow/dags/stock_pipeline_dag.py for tasks to queue
[2026-09-11T17:19:03.695+0000] {logging_mixin.py:188} INFO - [2026-09-11T17:19:03.695+0000] {dagbag.py:545} INFO - Filling up the DagBag from /opt/airflow/dags/stock_pipeline_dag.py
[2026-09-11T17:19:03.726+0000] {processor.py:840} INFO - DAG(s) 'stock_market_pipeline' retrieved from /opt/airflow/dags/stock_pipeline_dag.py
[2026-09-11T17:19:03.770+0000] {logging_mixin.py:188} INFO - [2026-09-11T17:19:03.770+0000] {dag.py:3089} INFO - Sync 1 DAGs
[2026-09-11T17:19:03.817+0000] {processor.py:183} INFO - Processing /opt/airflow/dags/stock_pipeline_dag.py took 0.134 seconds
[2026-09-11T17:19:34.224+0000] {processor.py:161} INFO - Started process (PID=391) to work on /opt/airflow/dags/stock_pipeline_dag.py
[2026-09-11T17:19:34.226+0000] {processor.py:830} INFO - Processing file /opt/airflow/dags/stock_pipeline_dag.py for tasks to queue
[2026-09-11T17:19:34.233+0000] {logging_mixin.py:188} INFO - [2026-09-11T17:19:34.233+0000] {dagbag.py:545} INFO - Filling up the DagBag from /opt/airflow/dags/stock_pipeline_dag.py
[2026-09-11T17:19:34.371+0000] {processor.py:840} INFO - DAG(s) 'stock_market_pipeline' retrieved from /opt/airflow/dags/stock_pipeline_dag.py
[2026-09-11T17:19:34.399+0000] {logging_mixin.py:188} INFO - [2026-09-11T17:19:34.399+0000] {dag.py:3089} INFO - Sync 1 DAGs
[2026-09-11T17:19:34.434+0000] {processor.py:183} INFO - Processing /opt/airflow/dags/stock_pipeline_dag.py took 0.219 seconds
[2026-09-11T17:20:04.533+0000] {processor.py:161} INFO - Started process (PID=396) to work on /opt/airflow/dags/stock_pipeline_dag.py
[2026-09-11T17:20:04.535+0000] {processor.py:830} INFO - Processing file /opt/airflow/dags/stock_pipeline_dag.py for tasks to queue
[2026-09-11T17:20:04.538+0000] {logging_mixin.py:188} INFO - [2026-09-11T17:20:04.538+0000] {dagbag.py:545} INFO - Filling up the DagBag from /opt/airflow/dags/stock_pipeline_dag.py
[2026-09-11T17:20:04.602+0000] {processor.py:840} INFO - DAG(s) 'stock_market_pipeline' retrieved from /opt/airflow/dags/stock_pipeline_dag.py
[2026-09-11T17:20:04.643+0000] {logging_mixin.py:188} INFO - [2026-09-11T17:20:04.642+0000] {dag.py:3089} INFO - Sync 1 DAGs
[2026-09-11T17:20:04.679+0000] {processor.py:183} INFO - Processing /opt/airflow/dags/stock_pipeline_dag.py took 0.151 seconds
[2026-09-11T17:20:34.876+0000] {processor.py:161} INFO - Started process (PID=401) to work on /opt/airflow/dags/stock_pipeline_dag.py
[2026-09-11T17:20:34.878+0000] {processor.py:830} INFO - Processing file /opt/airflow/dags/stock_pipeline_dag.py for tasks to queue
[2026-09-11T17:20:34.880+0000] {logging_mixin.py:188} INFO - [2026-09-11T17:20:34.880+0000] {dagbag.py:545} INFO - Filling up the DagBag from /opt/airflow/dags/stock_pipeline_dag.py
[2026-09-11T17:20:34.932+0000] {processor.py:840} INFO - DAG(s) 'stock_market_pipeline' retrieved from /opt/airflow/dags/stock_pipeline_dag.py
[2026-09-11T17:20:34.959+0000] {logging_mixin.py:188} INFO - [2026-09-11T17:20:34.959+0000] {dag.py:3089} INFO - Sync 1 DAGs
[2026-09-11T17:20:34.996+0000] {processor.py:183} INFO - Processing /opt/airflow/dags/stock_pipeline_dag.py took 0.126 seconds
[2026-09-11T17:21:05.349+0000] {processor.py:161} INFO - Started process (PID=406) to work on /opt/airflow/dags/stock_pipeline_dag.py
[2026-09-11T17:21:05.350+0000] {processor.py:830} INFO - Processing file /opt/airflow/dags/stock_pipeline_dag.py for tasks to queue
[2026-09-11T17:21:05.353+0000] {logging_mixin.py:188} INFO - [2026-09-11T17:21:05.352+0000] {dagbag.py:545} INFO - Filling up the DagBag from /opt/airflow/dags/stock_pipeline_dag.py
[2026-09-11T17:21:05.409+0000] {processor.py:840} INFO - DAG(s) 'stock_market_pipeline' retrieved from /opt/airflow/dags/stock_pipeline_dag.py
[2026-09-11T17:21:05.443+0000] {logging_mixin.py:188} INFO - [2026-09-11T17:21:05.443+0000] {dag.py:3089} INFO - Sync 1 DAGs
[2026-09-11T17:21:05.482+0000] {processor.py:183} INFO - Processing /opt/airflow/dags/stock_pipeline_dag.py took 0.138 seconds
[2026-09-11T17:21:35.650+0000] {processor.py:161} INFO - Started process (PID=411) to work on /opt/airflow/dags/stock_pipeline_dag.py
[2026-09-11T17:21:35.653+0000] {processor.py:830} INFO - Processing file /opt/airflow/dags/stock_pipeline_dag.py for tasks to queue
[2026-09-11T17:21:35.656+0000] {logging_mixin.py:188} INFO - [2026-09-11T17:21:35.655+0000] {dagbag.py:545} INFO - Filling up the DagBag from /opt/airflow/dags/stock_pipeline_dag.py
[2026-09-11T17:21:35.715+0000] {processor.py:840} INFO - DAG(s) 'stock_market_pipeline' retrieved from /opt/airflow/dags/stock_pipeline_dag.py
[2026-09-11T17:21:35.744+0000] {logging_mixin.py:188} INFO - [2026-09-11T17:21:35.744+0000] {dag.py:3089} INFO - Sync 1 DAGs
[2026-09-11T17:21:35.778+0000] {processor.py:183} INFO - Processing /opt/airflow/dags/stock_pipeline_dag.py took 0.133 seconds
[2026-09-11T17:22:05.979+0000] {processor.py:161} INFO - Started process (PID=416) to work on /opt/airflow/dags/stock_pipeline_dag.py
[2026-09-11T17:22:05.980+0000] {processor.py:830} INFO - Processing file /opt/airflow/dags/stock_pipeline_dag.py for tasks to queue
[2026-09-11T17:22:05.983+0000] {logging_mixin.py:188} INFO - [2026-09-11T17:22:05.983+0000] {dagbag.py:545} INFO - Filling up the DagBag from /opt/airflow/dags/stock_pipeline_dag.py
[2026-09-11T17:22:06.045+0000] {processor.py:840} INFO - DAG(s) 'stock_market_pipeline' retrieved from /opt/airflow/dags/stock_pipeline_dag.py
[2026-09-11T17:22:06.070+0000] {logging_mixin.py:188} INFO - [2026-09-11T17:22:06.070+0000] {dag.py:3089} INFO - Sync 1 DAGs
[2026-09-11T17:22:06.106+0000] {processor.py:183} INFO - Processing /opt/airflow/dags/stock_pipeline_dag.py took 0.132 seconds
[2026-09-11T17:22:36.362+0000] {processor.py:161} INFO - Started process (PID=421) to work on /opt/airflow/dags/stock_pipeline_dag.py
[2026-09-11T17:22:36.363+0000] {processor.py:830} INFO - Processing file /opt/airflow/dags/stock_pipeline_dag.py for tasks to queue
[2026-09-11T17:22:36.366+0000] {logging_mixin.py:188} INFO - [2026-09-11T17:22:36.366+0000] {dagbag.py:545} INFO - Filling up the DagBag from /opt/airflow/dags/stock_pipeline_dag.py
[2026-09-11T17:22:36.432+0000] {processor.py:840} INFO - DAG(s) 'stock_market_pipeline' retrieved from /opt/airflow/dags/stock_pipeline_dag.py
[2026-09-11T17:22:36.459+0000] {logging_mixin.py:188} INFO - [2026-09-11T17:22:36.459+0000] {dag.py:3089} INFO - Sync 1 DAGs
[2026-09-11T17:22:36.494+0000] {processor.py:183} INFO - Processing /opt/airflow/dags/stock_pipeline_dag.py took 0.137 seconds
[2026-09-11T17:23:06.684+0000] {processor.py:161} INFO - Started process (PID=426) to work on /opt/airflow/dags/stock_pipeline_dag.py
[2026-09-11T17:23:06.686+0000] {processor.py:830} INFO - Processing file /opt/airflow/dags/stock_pipeline_dag.py for tasks to queue
[2026-09-11T17:23:06.688+0000] {logging_mixin.py:188} INFO - [2026-09-11T17:23:06.688+0000] {dagbag.py:545} INFO - Filling up the DagBag from /opt/airflow/dags/stock_pipeline_dag.py
[2026-09-11T17:23:06.745+0000] {processor.py:840} INFO - DAG(s) 'stock_market_pipeline' retrieved from /opt/airflow/dags/stock_pipeline_dag.py
[2026-09-11T17:23:06.771+0000] {logging_mixin.py:188} INFO - [2026-09-11T17:23:06.770+0000] {dag.py:3089} INFO - Sync 1 DAGs
[2026-09-11T17:23:06.813+0000] {processor.py:183} INFO - Processing /opt/airflow/dags/stock_pipeline_dag.py took 0.137 seconds
[2026-09-11T17:23:37.063+0000] {processor.py:161} INFO - Started process (PID=431) to work on /opt/airflow/dags/stock_pipeline_dag.py
[2026-09-11T17:23:37.065+0000] {processor.py:830} INFO - Processing file /opt/airflow/dags/stock_pipeline_dag.py for tasks to queue
[2026-09-11T17:23:37.068+0000] {logging_mixin.py:188} INFO - [2026-09-11T17:23:37.067+0000] {dagbag.py:545} INFO - Filling up the DagBag from /opt/airflow/dags/stock_pipeline_dag.py
[2026-09-11T17:23:37.124+0000] {processor.py:840} INFO - DAG(s) 'stock_market_pipeline' retrieved from /opt/airflow/dags/stock_pipeline_dag.py
[2026-09-11T17:23:37.153+0000] {logging_mixin.py:188} INFO - [2026-09-11T17:23:37.153+0000] {dag.py:3089} INFO - Sync 1 DAGs
[2026-09-11T17:23:37.198+0000] {processor.py:183} INFO - Processing /opt/airflow/dags/stock_pipeline_dag.py took 0.139 seconds
[2026-09-11T17:24:07.384+0000] {processor.py:161} INFO - Started process (PID=436) to work on /opt/airflow/dags/stock_pipeline_dag.py
[2026-09-11T17:24:07.386+0000] {processor.py:830} INFO - Processing file /opt/airflow/dags/stock_pipeline_dag.py for tasks to queue
[2026-09-11T17:24:07.391+0000] {logging_mixin.py:188} INFO - [2026-09-11T17:24:07.390+0000] {dagbag.py:545} INFO - Filling up the DagBag from /opt/airflow/dags/stock_pipeline_dag.py
[2026-09-11T17:24:07.469+0000] {processor.py:840} INFO - DAG(s) 'stock_market_pipeline' retrieved from /opt/airflow/dags/stock_pipeline_dag.py
[2026-09-11T17:24:07.508+0000] {logging_mixin.py:188} INFO - [2026-09-11T17:24:07.508+0000] {dag.py:3089} INFO - Sync 1 DAGs
[2026-09-11T17:24:07.554+0000] {processor.py:183} INFO - Processing /opt/airflow/dags/stock_pipeline_dag.py took 0.179 seconds
[2026-09-11T17:24:37.783+0000] {processor.py:161} INFO - Started process (PID=441) to work on /opt/airflow/dags/stock_pipeline_dag.py
[2026-09-11T17:24:37.785+0000] {processor.py:830} INFO - Processing file /opt/airflow/dags/stock_pipeline_dag.py for tasks to queue
[2026-09-11T17:24:37.789+0000] {logging_mixin.py:188} INFO - [2026-09-11T17:24:37.788+0000] {dagbag.py:545} INFO - Filling up the DagBag from /opt/airflow/dags/stock_pipeline_dag.py
[2026-09-11T17:24:37.845+0000] {processor.py:840} INFO - DAG(s) 'stock_market_pipeline' retrieved from /opt/airflow/dags/stock_pipeline_dag.py
[2026-09-11T17:24:37.884+0000] {logging_mixin.py:188} INFO - [2026-09-11T17:24:37.884+0000] {dag.py:3089} INFO - Sync 1 DAGs
[2026-09-11T17:24:37.931+0000] {processor.py:183} INFO - Processing /opt/airflow/dags/stock_pipeline_dag.py took 0.153 seconds
[2026-09-11T17:25:08.131+0000] {processor.py:161} INFO - Started process (PID=446) to work on /opt/airflow/dags/stock_pipeline_dag.py
[2026-09-11T17:25:08.133+0000] {processor.py:830} INFO - Processing file /opt/airflow/dags/stock_pipeline_dag.py for tasks to queue
[2026-09-11T17:25:08.137+0000] {logging_mixin.py:188} INFO - [2026-09-11T17:25:08.137+0000] {dagbag.py:545} INFO - Filling up the DagBag from /opt/airflow/dags/stock_pipeline_dag.py
[2026-09-11T17:25:08.187+0000] {processor.py:840} INFO - DAG(s) 'stock_market_pipeline' retrieved from /opt/airflow/dags/stock_pipeline_dag.py
[2026-09-11T17:25:08.220+0000] {logging_mixin.py:188} INFO - [2026-09-11T17:25:08.220+0000] {dag.py:3089} INFO - Sync 1 DAGs
[2026-09-11T17:25:08.253+0000] {processor.py:183} INFO - Processing /opt/airflow/dags/stock_pipeline_dag.py took 0.138 seconds
[2026-09-11T17:25:38.512+0000] {processor.py:161} INFO - Started process (PID=451) to work on /opt/airflow/dags/stock_pipeline_dag.py
[2026-09-11T17:25:38.513+0000] {processor.py:830} INFO - Processing file /opt/airflow/dags/stock_pipeline_dag.py for tasks to queue
[2026-09-11T17:25:38.517+0000] {logging_mixin.py:188} INFO - [2026-09-11T17:25:38.517+0000] {dagbag.py:545} INFO - Filling up the DagBag from /opt/airflow/dags/stock_pipeline_dag.py
[2026-09-11T17:25:38.571+0000] {processor.py:840} INFO - DAG(s) 'stock_market_pipeline' retrieved from /opt/airflow/dags/stock_pipeline_dag.py
[2026-09-11T17:25:38.603+0000] {logging_mixin.py:188} INFO - [2026-09-11T17:25:38.603+0000] {dag.py:3089} INFO - Sync 1 DAGs
[2026-09-11T17:25:38.646+0000] {processor.py:183} INFO - Processing /opt/airflow/dags/stock_pipeline_dag.py took 0.141 seconds
[2026-09-11T17:26:08.823+0000] {processor.py:161} INFO - Started process (PID=456) to work on /opt/airflow/dags/stock_pipeline_dag.py
[2026-09-11T17:26:08.825+0000] {processor.py:830} INFO - Processing file /opt/airflow/dags/stock_pipeline_dag.py for tasks to queue
[2026-09-11T17:26:08.830+0000] {logging_mixin.py:188} INFO - [2026-09-11T17:26:08.829+0000] {dagbag.py:545} INFO - Filling up the DagBag from /opt/airflow/dags/stock_pipeline_dag.py
[2026-09-11T17:26:08.894+0000] {processor.py:840} INFO - DAG(s) 'stock_market_pipeline' retrieved from /opt/airflow/dags/stock_pipeline_dag.py
[2026-09-11T17:26:08.934+0000] {logging_mixin.py:188} INFO - [2026-09-11T17:26:08.934+0000] {dag.py:3089} INFO - Sync 1 DAGs
[2026-09-11T17:26:08.977+0000] {processor.py:183} INFO - Processing /opt/airflow/dags/stock_pipeline_dag.py took 0.170 seconds
[2026-09-11T17:26:39.204+0000] {processor.py:161} INFO - Started process (PID=461) to work on /opt/airflow/dags/stock_pipeline_dag.py
[2026-09-11T17:26:39.206+0000] {processor.py:830} INFO - Processing file /opt/airflow/dags/stock_pipeline_dag.py for tasks to queue
[2026-09-11T17:26:39.210+0000] {logging_mixin.py:188} INFO - [2026-09-11T17:26:39.209+0000] {dagbag.py:545} INFO - Filling up the DagBag from /opt/airflow/dags/stock_pipeline_dag.py
[2026-09-11T17:26:39.266+0000] {processor.py:840} INFO - DAG(s) 'stock_market_pipeline' retrieved from /opt/airflow/dags/stock_pipeline_dag.py
[2026-09-11T17:26:39.293+0000] {logging_mixin.py:188} INFO - [2026-09-11T17:26:39.293+0000] {dag.py:3089} INFO - Sync 1 DAGs
[2026-09-11T17:26:39.332+0000] {processor.py:183} INFO - Processing /opt/airflow/dags/stock_pipeline_dag.py took 0.133 seconds
[2026-09-11T17:27:09.546+0000] {processor.py:161} INFO - Started process (PID=466) to work on /opt/airflow/dags/stock_pipeline_dag.py
[2026-09-11T17:27:09.548+0000] {processor.py:830} INFO - Processing file /opt/airflow/dags/stock_pipeline_dag.py for tasks to queue
[2026-09-11T17:27:09.555+0000] {logging_mixin.py:188} INFO - [2026-09-11T17:27:09.554+0000] {dagbag.py:545} INFO - Filling up the DagBag from /opt/airflow/dags/stock_pipeline_dag.py
[2026-09-11T17:27:09.627+0000] {processor.py:840} INFO - DAG(s) 'stock_market_pipeline' retrieved from /opt/airflow/dags/stock_pipeline_dag.py
[2026-09-11T17:27:09.666+0000] {logging_mixin.py:188} INFO - [2026-09-11T17:27:09.666+0000] {dag.py:3089} INFO - Sync 1 DAGs
[2026-09-11T17:27:09.713+0000] {processor.py:183} INFO - Processing /opt/airflow/dags/stock_pipeline_dag.py took 0.178 seconds
[2026-09-11T17:27:39.959+0000] {processor.py:161} INFO - Started process (PID=471) to work on /opt/airflow/dags/stock_pipeline_dag.py
[2026-09-11T17:27:39.961+0000] {processor.py:830} INFO - Processing file /opt/airflow/dags/stock_pipeline_dag.py for tasks to queue
[2026-09-11T17:27:39.965+0000] {logging_mixin.py:188} INFO - [2026-09-11T17:27:39.964+0000] {dagbag.py:545} INFO - Filling up the DagBag from /opt/airflow/dags/stock_pipeline_dag.py
[2026-09-11T17:27:40.018+0000] {processor.py:840} INFO - DAG(s) 'stock_market_pipeline' retrieved from /opt/airflow/dags/stock_pipeline_dag.py
[2026-09-11T17:27:40.046+0000] {logging_mixin.py:188} INFO - [2026-09-11T17:27:40.045+0000] {dag.py:3089} INFO - Sync 1 DAGs
[2026-09-11T17:27:40.080+0000] {processor.py:183} INFO - Processing /opt/airflow/dags/stock_pipeline_dag.py took 0.128 seconds
[2026-09-11T17:28:10.269+0000] {processor.py:161} INFO - Started process (PID=476) to work on /opt/airflow/dags/stock_pipeline_dag.py
[2026-09-11T17:28:10.271+0000] {processor.py:830} INFO - Processing file /opt/airflow/dags/stock_pipeline_dag.py for tasks to queue
[2026-09-11T17:28:10.274+0000] {logging_mixin.py:188} INFO - [2026-09-11T17:28:10.274+0000] {dagbag.py:545} INFO - Filling up the DagBag from /opt/airflow/dags/stock_pipeline_dag.py
[2026-09-11T17:28:10.331+0000] {processor.py:840} INFO - DAG(s) 'stock_market_pipeline' retrieved from /opt/airflow/dags/stock_pipeline_dag.py
[2026-09-11T17:28:10.364+0000] {logging_mixin.py:188} INFO - [2026-09-11T17:28:10.364+0000] {dag.py:3089} INFO - Sync 1 DAGs
[2026-09-11T17:28:10.397+0000] {processor.py:183} INFO - Processing /opt/airflow/dags/stock_pipeline_dag.py took 0.135 seconds
[2026-09-11T17:28:40.641+0000] {processor.py:161} INFO - Started process (PID=481) to work on /opt/airflow/dags/stock_pipeline_dag.py
[2026-09-11T17:28:40.643+0000] {processor.py:830} INFO - Processing file /opt/airflow/dags/stock_pipeline_dag.py for tasks to queue
[2026-09-11T17:28:40.646+0000] {logging_mixin.py:188} INFO - [2026-09-11T17:28:40.646+0000] {dagbag.py:545} INFO - Filling up the DagBag from /opt/airflow/dags/stock_pipeline_dag.py
[2026-09-11T17:28:40.689+0000] {processor.py:840} INFO - DAG(s) 'stock_market_pipeline' retrieved from /opt/airflow/dags/stock_pipeline_dag.py
[2026-09-11T17:28:40.717+0000] {logging_mixin.py:188} INFO - [2026-09-11T17:28:40.717+0000] {dag.py:3089} INFO - Sync 1 DAGs
[2026-09-11T17:28:40.757+0000] {processor.py:183} INFO - Processing /opt/airflow/dags/stock_pipeline_dag.py took 0.122 seconds
[2026-09-11T17:29:10.946+0000] {processor.py:161} INFO - Started process (PID=486) to work on /opt/airflow/dags/stock_pipeline_dag.py
[2026-09-11T17:29:10.948+0000] {processor.py:830} INFO - Processing file /opt/airflow/dags/stock_pipeline_dag.py for tasks to queue
[2026-09-11T17:29:10.952+0000] {logging_mixin.py:188} INFO - [2026-09-11T17:29:10.951+0000] {dagbag.py:545} INFO - Filling up the DagBag from /opt/airflow/dags/stock_pipeline_dag.py
[2026-09-11T17:29:11.011+0000] {processor.py:840} INFO - DAG(s) 'stock_market_pipeline' retrieved from /opt/airflow/dags/stock_pipeline_dag.py
[2026-09-11T17:29:11.056+0000] {logging_mixin.py:188} INFO - [2026-09-11T17:29:11.055+0000] {dag.py:3089} INFO - Sync 1 DAGs
[2026-09-11T17:29:11.095+0000] {processor.py:183} INFO - Processing /opt/airflow/dags/stock_pipeline_dag.py took 0.159 seconds
