[2026-09-11T16:57:18.068+0000] {manager.py:470} INFO - Processing files using up to 2 processes at a time 
[2026-09-11T16:57:18.071+0000] {manager.py:471} INFO - Process each file at most once every 30 seconds
[2026-09-11T16:57:18.073+0000] {manager.py:472} INFO - Checking for new files in /opt/airflow/dags every 300 seconds
[2026-09-11T16:57:18.075+0000] {manager.py:737} INFO - Searching for files in /opt/airflow/dags
[2026-09-11T16:57:18.093+0000] {manager.py:740} INFO - There are 1 files in /opt/airflow/dags
[2026-09-11T16:57:18.205+0000] {manager.py:878} INFO - 
================================================================================
DAG File Processing Stats

File Path                                  PID  Runtime      # DAGs    # Errors  Last Runtime    Last Run
---------------------------------------  -----  ---------  --------  ----------  --------------  ----------
/opt/airflow/dags/stock_pipeline_dag.py    169  0.04s             0           0
================================================================================
[2026-09-11T16:57:48.431+0000] {manager.py:878} INFO - 
================================================================================
DAG File Processing Stats

File Path                                PID    Runtime      # DAGs    # Errors  Last Runtime    Last Run
---------------------------------------  -----  ---------  --------  ----------  --------------  -------------------
/opt/airflow/dags/stock_pipeline_dag.py                           1           0  0.55s           2026-09-11T16:57:18
================================================================================
[2026-09-11T16:58:19.246+0000] {manager.py:878} INFO - 
================================================================================
DAG File Processing Stats

File Path                                  PID  Runtime      # DAGs    # Errors  Last Runtime    Last Run
---------------------------------------  -----  ---------  --------  ----------  --------------  -------------------
/opt/airflow/dags/stock_pipeline_dag.py    179  0.01s             1           0  0.12s           2026-09-11T16:57:49
================================================================================
[2026-09-11T16:58:49.605+0000] {manager.py:878} INFO - 
================================================================================
DAG File Processing Stats

File Path                                  PID  Runtime      # DAGs    # Errors  Last Runtime    Last Run
---------------------------------------  -----  ---------  --------  ----------  --------------  -------------------
/opt/airflow/dags/stock_pipeline_dag.py    184  0.00s             1           0  0.18s           2026-09-11T16:58:19
================================================================================
[2026-09-11T16:59:19.957+0000] {manager.py:878} INFO - 
================================================================================
DAG File Processing Stats

File Path                                  PID  Runtime      # DAGs    # Errors  Last Runtime    Last Run
---------------------------------------  -----  ---------  --------  ----------  --------------  -------------------
/opt/airflow/dags/stock_pipeline_dag.py    189  0.01s             1           0  0.14s           2026-09-11T16:58:49
================================================================================
[2026-09-11T16:59:50.275+0000] {manager.py:878} INFO - 
================================================================================
DAG File Processing Stats

File Path                                  PID  Runtime      # DAGs    # Errors  Last Runtime    Last Run
---------------------------------------  -----  ---------  --------  ----------  --------------  -------------------
/opt/airflow/dags/stock_pipeline_dag.py    194  0.00s             1           0  0.27s           2026-09-11T16:59:20
================================================================================
[2026-09-11T17:00:20.776+0000] {manager.py:878} INFO - 
================================================================================
DAG File Processing Stats

File Path                                  PID  Runtime      # DAGs    # Errors  Last Runtime    Last Run
---------------------------------------  -----  ---------  --------  ----------  --------------  -------------------
/opt/airflow/dags/stock_pipeline_dag.py    199  0.00s             1           0  0.33s           2026-09-11T16:59:50
================================================================================
[2026-09-11T17:00:51.109+0000] {manager.py:878} INFO - 
================================================================================
DAG File Processing Stats

File Path                                  PID  Runtime      # DAGs    # Errors  Last Runtime    Last Run
---------------------------------------  -----  ---------  --------  ----------  --------------  -------------------
/opt/airflow/dags/stock_pipeline_dag.py    204  0.00s             1           0  0.26s           2026-09-11T17:00:21
================================================================================
[2026-09-11T17:01:21.573+0000] {manager.py:878} INFO - 
================================================================================
DAG File Processing Stats

File Path                                  PID  Runtime      # DAGs    # Errors  Last Runtime    Last Run
---------------------------------------  -----  ---------  --------  ----------  --------------  -------------------
/opt/airflow/dags/stock_pipeline_dag.py    209  0.01s             1           0  0.29s           2026-09-11T17:00:51
================================================================================
[2026-09-11T17:01:51.880+0000] {manager.py:878} INFO - 
================================================================================
DAG File Processing Stats

File Path                                  PID  Runtime      # DAGs    # Errors  Last Runtime    Last Run
---------------------------------------  -----  ---------  --------  ----------  --------------  -------------------
/opt/airflow/dags/stock_pipeline_dag.py    214  0.00s             1           0  0.29s           2026-09-11T17:01:21
================================================================================
[2026-09-11T17:02:18.400+0000] {manager.py:737} INFO - Searching for files in /opt/airflow/dags
[2026-09-11T17:02:18.477+0000] {manager.py:740} INFO - There are 1 files in /opt/airflow/dags
[2026-09-11T17:02:22.568+0000] {manager.py:878} INFO - 
================================================================================
DAG File Processing Stats

File Path                                  PID  Runtime      # DAGs    # Errors  Last Runtime    Last Run
---------------------------------------  -----  ---------  --------  ----------  --------------  -------------------
/opt/airflow/dags/stock_pipeline_dag.py    219  0.00s             1           0  0.30s           2026-09-11T17:01:52
================================================================================
[2026-09-11T17:02:52.854+0000] {manager.py:878} INFO - 
================================================================================
DAG File Processing Stats

File Path                                  PID  Runtime      # DAGs    # Errors  Last Runtime    Last Run
---------------------------------------  -----  ---------  --------  ----------  --------------  -------------------
/opt/airflow/dags/stock_pipeline_dag.py    224  0.01s             1           0  0.19s           2026-09-11T17:02:22
================================================================================
[2026-09-11T17:03:23.263+0000] {manager.py:878} INFO - 
================================================================================
DAG File Processing Stats

File Path                                  PID  Runtime      # DAGs    # Errors  Last Runtime    Last Run
---------------------------------------  -----  ---------  --------  ----------  --------------  -------------------
/opt/airflow/dags/stock_pipeline_dag.py    229  0.00s             1           0  0.17s           2026-09-11T17:02:53
================================================================================
[2026-09-11T17:03:53.632+0000] {manager.py:878} INFO - 
================================================================================
DAG File Processing Stats

File Path                                  PID  Runtime      # DAGs    # Errors  Last Runtime    Last Run
---------------------------------------  -----  ---------  --------  ----------  --------------  -------------------
/opt/airflow/dags/stock_pipeline_dag.py    234  0.00s             1           0  0.15s           2026-09-11T17:03:23
================================================================================
[2026-09-11T17:04:23.955+0000] {manager.py:878} INFO - 
================================================================================
DAG File Processing Stats

File Path                                  PID  Runtime      # DAGs    # Errors  Last Runtime    Last Run
---------------------------------------  -----  ---------  --------  ----------  --------------  -------------------
/opt/airflow/dags/stock_pipeline_dag.py    239  0.01s             1           0  0.19s           2026-09-11T17:03:53
================================================================================
[2026-09-11T17:04:54.317+0000] {manager.py:878} INFO - 
================================================================================
DAG File Processing Stats

File Path                                  PID  Runtime      # DAGs    # Errors  Last Runtime    Last Run
---------------------------------------  -----  ---------  --------  ----------  --------------  -------------------
/opt/airflow/dags/stock_pipeline_dag.py    246  0.01s             1           0  0.23s           2026-09-11T17:04:24
================================================================================
[2026-09-11T17:05:24.650+0000] {manager.py:878} INFO - 
================================================================================
DAG File Processing Stats

File Path                                  PID  Runtime      # DAGs    # Errors  Last Runtime    Last Run
---------------------------------------  -----  ---------  --------  ----------  --------------  -------------------
/opt/airflow/dags/stock_pipeline_dag.py    251  0.00s             1           0  0.18s           2026-09-11T17:04:54
================================================================================
[2026-09-11T17:05:55.018+0000] {manager.py:878} INFO - 
================================================================================
DAG File Processing Stats

File Path                                  PID  Runtime      # DAGs    # Errors  Last Runtime    Last Run
---------------------------------------  -----  ---------  --------  ----------  --------------  -------------------
/opt/airflow/dags/stock_pipeline_dag.py    256  0.00s             1           0  0.14s           2026-09-11T17:05:24
================================================================================
[2026-09-11T17:06:25.294+0000] {manager.py:878} INFO - 
================================================================================
DAG File Processing Stats

File Path                                  PID  Runtime      # DAGs    # Errors  Last Runtime    Last Run
---------------------------------------  -----  ---------  --------  ----------  --------------  -------------------
/opt/airflow/dags/stock_pipeline_dag.py    261  0.00s             1           0  0.17s           2026-09-11T17:05:55
================================================================================
[2026-09-11T17:06:55.662+0000] {manager.py:878} INFO - 
================================================================================
DAG File Processing Stats

File Path                                  PID  Runtime      # DAGs    # Errors  Last Runtime    Last Run
---------------------------------------  -----  ---------  --------  ----------  --------------  -------------------
/opt/airflow/dags/stock_pipeline_dag.py    266  0.00s             1           0  0.19s           2026-09-11T17:06:25
================================================================================
[2026-09-11T17:07:18.895+0000] {manager.py:737} INFO - Searching for files in /opt/airflow/dags
[2026-09-11T17:07:18.944+0000] {manager.py:740} INFO - There are 1 files in /opt/airflow/dags
[2026-09-11T17:07:26.052+0000] {manager.py:878} INFO - 
================================================================================
DAG File Processing Stats

File Path                                  PID  Runtime      # DAGs    # Errors  Last Runtime    Last Run
---------------------------------------  -----  ---------  --------  ----------  --------------  -------------------
/opt/airflow/dags/stock_pipeline_dag.py    271  0.01s             1           0  0.21s           2026-09-11T17:06:55
================================================================================
[2026-09-11T17:07:56.409+0000] {manager.py:878} INFO - 
================================================================================
DAG File Processing Stats

File Path                                  PID  Runtime      # DAGs    # Errors  Last Runtime    Last Run
---------------------------------------  -----  ---------  --------  ----------  --------------  -------------------
/opt/airflow/dags/stock_pipeline_dag.py    276  0.01s             1           0  0.18s           2026-09-11T17:07:26
================================================================================
[2026-09-11T17:08:26.771+0000] {manager.py:878} INFO - 
================================================================================
DAG File Processing Stats

File Path                                  PID  Runtime      # DAGs    # Errors  Last Runtime    Last Run
---------------------------------------  -----  ---------  --------  ----------  --------------  -------------------
/opt/airflow/dags/stock_pipeline_dag.py    281  0.00s             1           0  0.20s           2026-09-11T17:07:56
================================================================================
[2026-09-11T17:08:57.109+0000] {manager.py:878} INFO - 
================================================================================
DAG File Processing Stats

File Path                                  PID  Runtime      # DAGs    # Errors  Last Runtime    Last Run
---------------------------------------  -----  ---------  --------  ----------  --------------  -------------------
/opt/airflow/dags/stock_pipeline_dag.py    286  0.01s             1           0  0.31s           2026-09-11T17:08:27
================================================================================
[2026-09-11T17:09:27.378+0000] {manager.py:878} INFO - 
================================================================================
DAG File Processing Stats

File Path                                  PID  Runtime      # DAGs    # Errors  Last Runtime    Last Run
---------------------------------------  -----  ---------  --------  ----------  --------------  -------------------
/opt/airflow/dags/stock_pipeline_dag.py    291  0.00s             1           0  0.13s           2026-09-11T17:08:57
================================================================================
[2026-09-11T17:09:57.717+0000] {manager.py:878} INFO - 
================================================================================
DAG File Processing Stats

File Path                                  PID  Runtime      # DAGs    # Errors  Last Runtime    Last Run
---------------------------------------  -----  ---------  --------  ----------  --------------  -------------------
/opt/airflow/dags/stock_pipeline_dag.py    296  0.01s             1           0  0.12s           2026-09-11T17:09:27
================================================================================
[2026-09-11T17:10:28.028+0000] {manager.py:878} INFO - 
================================================================================
DAG File Processing Stats

File Path                                  PID  Runtime      # DAGs    # Errors  Last Runtime    Last Run
---------------------------------------  -----  ---------  --------  ----------  --------------  -------------------
/opt/airflow/dags/stock_pipeline_dag.py    301  0.01s             1           0  0.12s           2026-09-11T17:09:57
================================================================================
[2026-09-11T17:10:58.346+0000] {manager.py:878} INFO - 
================================================================================
DAG File Processing Stats

File Path                                  PID  Runtime      # DAGs    # Errors  Last Runtime    Last Run
---------------------------------------  -----  ---------  --------  ----------  --------------  -------------------
/opt/airflow/dags/stock_pipeline_dag.py    306  0.01s             1           0  0.16s           2026-09-11T17:10:28
================================================================================
[2026-09-11T17:11:28.645+0000] {manager.py:878} INFO - 
================================================================================
DAG File Processing Stats

File Path                                  PID  Runtime      # DAGs    # Errors  Last Runtime    Last Run
---------------------------------------  -----  ---------  --------  ----------  --------------  -------------------
/opt/airflow/dags/stock_pipeline_dag.py    311  0.00s             1           0  0.12s           2026-09-11T17:10:58
================================================================================
[2026-09-11T17:11:58.894+0000] {manager.py:878} INFO - 
================================================================================
DAG File Processing Stats

File Path                                  PID  Runtime      # DAGs    # Errors  Last Runtime    Last Run
---------------------------------------  -----  ---------  --------  ----------  --------------  -------------------
/opt/airflow/dags/stock_pipeline_dag.py    316  0.00s             1           0  0.17s           2026-09-11T17:11:28
================================================================================
[2026-09-11T17:12:19.132+0000] {manager.py:737} INFO - Searching for files in /opt/airflow/dags
[2026-09-11T17:12:19.197+0000] {manager.py:740} INFO - There are 1 files in /opt/airflow/dags
[2026-09-11T17:12:29.309+0000] {manager.py:878} INFO - 
================================================================================
DAG File Processing Stats

File Path                                  PID  Runtime      # DAGs    # Errors  Last Runtime    Last Run
---------------------------------------  -----  ---------  --------  ----------  --------------  -------------------
/opt/airflow/dags/stock_pipeline_dag.py    321  0.00s             1           0  0.21s           2026-09-11T17:11:59
================================================================================
[2026-09-11T17:12:59.522+0000] {manager.py:878} INFO - 
================================================================================
DAG File Processing Stats

File Path                                  PID  Runtime      # DAGs    # Errors  Last Runtime    Last Run
---------------------------------------  -----  ---------  --------  ----------  --------------  -------------------
/opt/airflow/dags/stock_pipeline_dag.py    326  0.00s             1           0  0.15s           2026-09-11T17:12:29
================================================================================
[2026-09-11T17:13:29.837+0000] {manager.py:878} INFO - 
================================================================================
DAG File Processing Stats

File Path                                  PID  Runtime      # DAGs    # Errors  Last Runtime    Last Run
---------------------------------------  -----  ---------  --------  ----------  --------------  -------------------
/opt/airflow/dags/stock_pipeline_dag.py    331  0.00s             1           0  0.17s           2026-09-11T17:12:59
================================================================================
[2026-09-11T17:14:00.091+0000] {manager.py:878} INFO - 
================================================================================
DAG File Processing Stats

File Path                                  PID  Runtime      # DAGs    # Errors  Last Runtime    Last Run
---------------------------------------  -----  ---------  --------  ----------  --------------  -------------------
/opt/airflow/dags/stock_pipeline_dag.py    336  0.01s             1           0  0.20s           2026-09-11T17:13:30
================================================================================
[2026-09-11T17:14:30.468+0000] {manager.py:878} INFO - 
================================================================================
DAG File Processing Stats

File Path                                  PID  Runtime      # DAGs    # Errors  Last Runtime    Last Run
---------------------------------------  -----  ---------  --------  ----------  --------------  -------------------
/opt/airflow/dags/stock_pipeline_dag.py    341  0.00s             1           0  0.19s           2026-09-11T17:14:00
================================================================================
[2026-09-11T17:15:00.772+0000] {manager.py:878} INFO - 
================================================================================
DAG File Processing Stats

File Path                                  PID  Runtime      # DAGs    # Errors  Last Runtime    Last Run
---------------------------------------  -----  ---------  --------  ----------  --------------  -------------------
/opt/airflow/dags/stock_pipeline_dag.py    346  0.00s             1           0  0.23s           2026-09-11T17:14:30
================================================================================
[2026-09-11T17:15:31.205+0000] {manager.py:878} INFO - 
================================================================================
DAG File Processing Stats

File Path                                  PID  Runtime      # DAGs    # Errors  Last Runtime    Last Run
---------------------------------------  -----  ---------  --------  ----------  --------------  -------------------
/opt/airflow/dags/stock_pipeline_dag.py    351  0.01s             1           0  0.22s           2026-09-11T17:15:00
================================================================================
[2026-09-11T17:16:01.522+0000] {manager.py:878} INFO - 
================================================================================
DAG File Processing Stats

File Path                                  PID  Runtime      # DAGs    # Errors  Last Runtime    Last Run
---------------------------------------  -----  ---------  --------  ----------  --------------  -------------------
/opt/airflow/dags/stock_pipeline_dag.py    356  0.01s             1           0  0.15s           2026-09-11T17:15:31
================================================================================
[2026-09-11T17:16:31.887+0000] {manager.py:878} INFO - 
================================================================================
DAG File Processing Stats

File Path                                  PID  Runtime      # DAGs    # Errors  Last Runtime    Last Run
---------------------------------------  -----  ---------  --------  ----------  --------------  -------------------
/opt/airflow/dags/stock_pipeline_dag.py    361  0.01s             1           0  0.18s           2026-09-11T17:16:01
================================================================================
[2026-09-11T17:17:02.222+0000] {manager.py:878} INFO - 
================================================================================
DAG File Processing Stats

File Path                                  PID  Runtime      # DAGs    # Errors  Last Runtime    Last Run
---------------------------------------  -----  ---------  --------  ----------  --------------  -------------------
/opt/airflow/dags/stock_pipeline_dag.py    366  0.00s             1           0  0.14s           2026-09-11T17:16:32
================================================================================
[2026-09-11T17:17:19.395+0000] {manager.py:737} INFO - Searching for files in /opt/airflow/dags
[2026-09-11T17:17:19.433+0000] {manager.py:740} INFO - There are 1 files in /opt/airflow/dags
[2026-09-11T17:17:32.602+0000] {manager.py:878} INFO - 
================================================================================
DAG File Processing Stats

File Path                                  PID  Runtime      # DAGs    # Errors  Last Runtime    Last Run
---------------------------------------  -----  ---------  --------  ----------  --------------  -------------------
/opt/airflow/dags/stock_pipeline_dag.py    371  0.01s             1           0  0.16s           2026-09-11T17:17:02
================================================================================
[2026-09-11T17:18:02.914+0000] {manager.py:878} INFO - 
================================================================================
DAG File Processing Stats

File Path                                  PID  Runtime      # DAGs    # Errors  Last Runtime    Last Run
---------------------------------------  -----  ---------  --------  ----------  --------------  -------------------
/opt/airflow/dags/stock_pipeline_dag.py    376  0.01s             1           0  0.19s           2026-09-11T17:17:32
================================================================================
[2026-09-11T17:18:33.374+0000] {manager.py:878} INFO - 
================================================================================
DAG File Processing Stats

File Path                                  PID  Runtime      # DAGs    # Errors  Last Runtime    Last Run
---------------------------------------  -----  ---------  --------  ----------  --------------  -------------------
/opt/airflow/dags/stock_pipeline_dag.py    381  0.01s             1           0  0.24s           2026-09-11T17:18:03
================================================================================
[2026-09-11T17:19:03.647+0000] {manager.py:878} INFO - 
================================================================================
DAG File Processing Stats

File Path                                  PID  Runtime      # DAGs    # Errors  Last Runtime    Last Run
---------------------------------------  -----  ---------  --------  ----------  --------------  -------------------
/opt/airflow/dags/stock_pipeline_dag.py    386  0.00s             1           0  0.16s           2026-09-11T17:18:33
================================================================================
[2026-09-11T17:19:34.158+0000] {manager.py:878} INFO - 
================================================================================
DAG File Processing Stats

File Path                                  PID  Runtime      # DAGs    # Errors  Last Runtime    Last Run
---------------------------------------  -----  ---------  --------  ----------  --------------  -------------------
/opt/airflow/dags/stock_pipeline_dag.py    391  0.00s             1           0  0.19s           2026-09-11T17:19:03
================================================================================
[2026-09-11T17:20:04.495+0000] {manager.py:878} INFO - 
================================================================================
DAG File Processing Stats

File Path                                  PID  Runtime      # DAGs    # Errors  Last Runtime    Last Run
---------------------------------------  -----  ---------  --------  ----------  --------------  -------------------
/opt/airflow/dags/stock_pipeline_dag.py    396  0.01s             1           0  0.29s           2026-09-11T17:19:34
================================================================================
[2026-09-11T17:20:34.831+0000] {manager.py:878} INFO - 
================================================================================
DAG File Processing Stats

File Path                                  PID  Runtime      # DAGs    # Errors  Last Runtime    Last Run
---------------------------------------  -----  ---------  --------  ----------  --------------  -------------------
/opt/airflow/dags/stock_pipeline_dag.py    401  0.01s             1           0  0.20s           2026-09-11T17:20:04
================================================================================
[2026-09-11T17:21:05.315+0000] {manager.py:878} INFO - 
================================================================================
DAG File Processing Stats

File Path                                  PID  Runtime      # DAGs    # Errors  Last Runtime    Last Run
---------------------------------------  -----  ---------  --------  ----------  --------------  -------------------
/opt/airflow/dags/stock_pipeline_dag.py    406  0.00s             1           0  0.18s           2026-09-11T17:20:35
================================================================================
[2026-09-11T17:21:35.615+0000] {manager.py:878} INFO - 
================================================================================
DAG File Processing Stats

File Path                                  PID  Runtime      # DAGs    # Errors  Last Runtime    Last Run
---------------------------------------  -----  ---------  --------  ----------  --------------  -------------------
/opt/airflow/dags/stock_pipeline_dag.py    411  0.00s             1           0  0.18s           2026-09-11T17:21:05
================================================================================
[2026-09-11T17:22:05.949+0000] {manager.py:878} INFO - 
================================================================================
DAG File Processing Stats

File Path                                  PID  Runtime      # DAGs    # Errors  Last Runtime    Last Run
---------------------------------------  -----  ---------  --------  ----------  --------------  -------------------
/opt/airflow/dags/stock_pipeline_dag.py    416  0.00s             1           0  0.18s           2026-09-11T17:21:35
================================================================================
[2026-09-11T17:22:20.101+0000] {manager.py:737} INFO - Searching for files in /opt/airflow/dags
[2026-09-11T17:22:20.166+0000] {manager.py:740} INFO - There are 1 files in /opt/airflow/dags
[2026-09-11T17:22:36.328+0000] {manager.py:878} INFO - 
================================================================================
DAG File Processing Stats

File Path                                  PID  Runtime      # DAGs    # Errors  Last Runtime    Last Run
---------------------------------------  -----  ---------  --------  ----------  --------------  -------------------
/opt/airflow/dags/stock_pipeline_dag.py    421  0.00s             1           0  0.17s           2026-09-11T17:22:06
================================================================================
[2026-09-11T17:23:06.641+0000] {manager.py:878} INFO - 
================================================================================
DAG File Processing Stats

File Path                                  PID  Runtime      # DAGs    # Errors  Last Runtime    Last Run
---------------------------------------  -----  ---------  --------  ----------  --------------  -------------------
/opt/airflow/dags/stock_pipeline_dag.py    426  0.00s             1           0  0.18s           2026-09-11T17:22:36
================================================================================
[2026-09-11T17:23:37.021+0000] {manager.py:878} INFO - 
================================================================================
DAG File Processing Stats

File Path                                  PID  Runtime      # DAGs    # Errors  Last Runtime    Last Run
---------------------------------------  -----  ---------  --------  ----------  --------------  -------------------
/opt/airflow/dags/stock_pipeline_dag.py    431  0.01s             1           0  0.19s           2026-09-11T17:23:06
================================================================================
[2026-09-11T17:24:07.345+0000] {manager.py:878} INFO - 
================================================================================
DAG File Processing Stats

File Path                                  PID  Runtime      # DAGs    # Errors  Last Runtime    Last Run
---------------------------------------  -----  ---------  --------  ----------  --------------  -------------------
/opt/airflow/dags/stock_pipeline_dag.py    436  0.01s             1           0  0.19s           2026-09-11T17:23:37
================================================================================
[2026-09-11T17:24:37.750+0000] {manager.py:878} INFO - 
================================================================================
DAG File Processing Stats

File Path                                  PID  Runtime      # DAGs    # Errors  Last Runtime    Last Run
---------------------------------------  -----  ---------  --------  ----------  --------------  -------------------
/opt/airflow/dags/stock_pipeline_dag.py    441  0.01s             1           0  0.23s           2026-09-11T17:24:07
================================================================================
[2026-09-11T17:25:08.087+0000] {manager.py:878} INFO - 
================================================================================
DAG File Processing Stats

File Path                                  PID  Runtime      # DAGs    # Errors  Last Runtime    Last Run
---------------------------------------  -----  ---------  --------  ----------  --------------  -------------------
/opt/airflow/dags/stock_pipeline_dag.py    446  0.00s             1           0  0.20s           2026-09-11T17:24:37
================================================================================
[2026-09-11T17:25:38.481+0000] {manager.py:878} INFO - 
================================================================================
DAG File Processing Stats

File Path                                  PID  Runtime      # DAGs    # Errors  Last Runtime    Last Run
---------------------------------------  -----  ---------  --------  ----------  --------------  -------------------
/opt/airflow/dags/stock_pipeline_dag.py    451  0.00s             1           0  0.18s           2026-09-11T17:25:08
================================================================================
[2026-09-11T17:26:08.777+0000] {manager.py:878} INFO - 
================================================================================
DAG File Processing Stats

File Path                                  PID  Runtime      # DAGs    # Errors  Last Runtime    Last Run
---------------------------------------  -----  ---------  --------  ----------  --------------  -------------------
/opt/airflow/dags/stock_pipeline_dag.py    456  0.01s             1           0  0.18s           2026-09-11T17:25:38
================================================================================
[2026-09-11T17:26:39.171+0000] {manager.py:878} INFO - 
================================================================================
DAG File Processing Stats

File Path                                  PID  Runtime      # DAGs    # Errors  Last Runtime    Last Run
---------------------------------------  -----  ---------  --------  ----------  --------------  -------------------
/opt/airflow/dags/stock_pipeline_dag.py    461  0.00s             1           0  0.22s           2026-09-11T17:26:08
================================================================================
[2026-09-11T17:27:09.504+0000] {manager.py:878} INFO - 
================================================================================
DAG File Processing Stats

File Path                                  PID  Runtime      # DAGs    # Errors  Last Runtime    Last Run
---------------------------------------  -----  ---------  --------  ----------  --------------  -------------------
/opt/airflow/dags/stock_pipeline_dag.py    466  0.01s             1           0  0.17s           2026-09-11T17:26:39
================================================================================
[2026-09-11T17:27:20.654+0000] {manager.py:737} INFO - Searching for files in /opt/airflow/dags
[2026-09-11T17:27:20.727+0000] {manager.py:740} INFO - There are 1 files in /opt/airflow/dags
[2026-09-11T17:27:39.923+0000] {manager.py:878} INFO - 
================================================================================
DAG File Processing Stats

File Path                                  PID  Runtime      # DAGs    # Errors  Last Runtime    Last Run
---------------------------------------  -----  ---------  --------  ----------  --------------  -------------------
/opt/airflow/dags/stock_pipeline_dag.py    471  0.01s             1           0  0.23s           2026-09-11T17:27:09
================================================================================
[2026-09-11T17:28:10.227+0000] {manager.py:878} INFO - 
================================================================================
DAG File Processing Stats

File Path                                  PID  Runtime      # DAGs    # Errors  Last Runtime    Last Run
---------------------------------------  -----  ---------  --------  ----------  --------------  -------------------
/opt/airflow/dags/stock_pipeline_dag.py    476  0.01s             1           0  0.17s           2026-09-11T17:27:40
================================================================================
[2026-09-11T17:28:40.603+0000] {manager.py:878} INFO - 
================================================================================
DAG File Processing Stats

File Path                                  PID  Runtime      # DAGs    # Errors  Last Runtime    Last Run
---------------------------------------  -----  ---------  --------  ----------  --------------  -------------------
/opt/airflow/dags/stock_pipeline_dag.py    481  0.00s             1           0  0.19s           2026-09-11T17:28:10
================================================================================
[2026-09-11T17:29:10.894+0000] {manager.py:878} INFO - 
================================================================================
DAG File Processing Stats

File Path                                  PID  Runtime      # DAGs    # Errors  Last Runtime    Last Run
---------------------------------------  -----  ---------  --------  ----------  --------------  -------------------
/opt/airflow/dags/stock_pipeline_dag.py    486  0.01s             1           0  0.17s           2026-09-11T17:28:40
================================================================================
[2026-09-11T17:29:38.928+0000] {manager.py:452} INFO - Exiting gracefully upon receiving signal 15
